Sep 19 20:17:12.171184 cachyos-x8664 kernel: amdgpu 0000:c4:00.0: [drm:amdgpu_dm_atomic_commit_tail [amdgpu]] [HDCP_DM] connector->index: 1 connect_status: 1 dpms: 0
Sep 19 20:17:12.189122 cachyos-x8664 kernel: amdgpu 0000:c4:00.0: [drm:amdgpu_dm_atomic_commit_tail [amdgpu]] [HDCP_DM] connector->index: 1 connect_status: 1 dpms: 0
Sep 19 20:17:12.189953 cachyos-x8664 kernel: amdgpu 0000:c4:00.0: [drm:dcn35_root_clock_control [amdgpu]] dccg35_set_hdmistreamclk_root_clock_gating: HDMISTREAMCLK0_ROOT_GATE_DISABLE = 1
Sep 19 20:17:12.192135 cachyos-x8664 kernel: amdgpu 0000:c4:00.0: [drm:amdgpu_dm_atomic_commit_tail [amdgpu]] [HDCP_DM] connector->index: 0 connect_status: 1 dpms: 0
Sep 19 20:17:12.203603 cachyos-x8664 kernel: amdgpu 0000:c4:00.0: [drm:amdgpu_dm_atomic_commit_tail [amdgpu]] [HDCP_DM] connector->index: 1 connect_status: 1 dpms: 0
Sep 19 20:17:12.212207 cachyos-x8664 kernel: amdgpu 0000:c4:00.0: [drm:amdgpu_dm_atomic_commit_tail [amdgpu]] [HDCP_DM] connector->index: 1 connect_status: 1 dpms: 0
Sep 19 20:17:12.229128 cachyos-x8664 kernel: amdgpu 0000:c4:00.0: [drm:amdgpu_dm_atomic_commit_tail [amdgpu]] [HDCP_DM] connector->index: 1 connect_status: 1 dpms: 0
Sep 19 20:17:12.237084 cachyos-x8664 kernel: amdgpu 0000:c4:00.0: [drm:amdgpu_dm_atomic_commit_tail [amdgpu]] [HDCP_DM] connector->index: 1 connect_status: 1 dpms: 0
Sep 19 20:17:12.246081 cachyos-x8664 kernel: amdgpu 0000:c4:00.0: [drm:amdgpu_dm_atomic_commit_tail [amdgpu]] [HDCP_DM] connector->index: 1 connect_status: 1 dpms: 0
Sep 19 20:17:12.254140 cachyos-x8664 kernel: amdgpu 0000:c4:00.0: [drm:amdgpu_dm_atomic_commit_tail [amdgpu]] [HDCP_DM] connector->index: 1 connect_status: 1 dpms: 0
Sep 19 20:17:12.262116 cachyos-x8664 kernel: amdgpu 0000:c4:00.0: [drm:amdgpu_dm_atomic_commit_tail [amdgpu]] [HDCP_DM] connector->index: 1 connect_status: 1 dpms: 0
Sep 19 20:17:12.271073 cachyos-x8664 kernel: amdgpu 0000:c4:00.0: [drm:amdgpu_dm_atomic_commit_tail [amdgpu]] [HDCP_DM] connector->index: 1 connect_status: 1 dpms: 0
Sep 19 20:17:12.288106 cachyos-x8664 kernel: amdgpu 0000:c4:00.0: [drm:amdgpu_dm_atomic_commit_tail [amdgpu]] [HDCP_DM] connector->index: 1 connect_status: 1 dpms: 0
Sep 19 20:17:12.304076 cachyos-x8664 kernel: amdgpu 0000:c4:00.0: [drm:amdgpu_dm_atomic_commit_tail [amdgpu]] [HDCP_DM] connector->index: 1 connect_status: 1 dpms: 0
Sep 19 20:17:12.321258 cachyos-x8664 kernel: amdgpu 0000:c4:00.0: [drm:amdgpu_dm_atomic_commit_tail [amdgpu]] [HDCP_DM] connector->index: 1 connect_status: 1 dpms: 0
Sep 19 20:17:12.338136 cachyos-x8664 kernel: amdgpu 0000:c4:00.0: [drm:amdgpu_dm_atomic_commit_tail [amdgpu]] [HDCP_DM] connector->index: 1 connect_status: 1 dpms: 0
Sep 19 20:17:12.353994 cachyos-x8664 kernel: amdgpu 0000:c4:00.0: [drm:amdgpu_dm_atomic_commit_tail [amdgpu]] [HDCP_DM] connector->index: 1 connect_status: 1 dpms: 0
Sep 19 20:17:12.371015 cachyos-x8664 kernel: amdgpu 0000:c4:00.0: [drm:amdgpu_dm_atomic_commit_tail [amdgpu]] [HDCP_DM] connector->index: 1 connect_status: 1 dpms: 0
Sep 19 20:17:12.388199 cachyos-x8664 kernel: amdgpu 0000:c4:00.0: [drm:amdgpu_dm_atomic_commit_tail [amdgpu]] [HDCP_DM] connector->index: 1 connect_status: 1 dpms: 0
Sep 19 20:17:12.404492 cachyos-x8664 kernel: amdgpu 0000:c4:00.0: [drm:amdgpu_dm_atomic_commit_tail [amdgpu]] [HDCP_DM] connector->index: 1 connect_status: 1 dpms: 0
Sep 19 20:17:12.421250 cachyos-x8664 kernel: amdgpu 0000:c4:00.0: [drm:amdgpu_dm_atomic_commit_tail [amdgpu]] [HDCP_DM] connector->index: 1 connect_status: 1 dpms: 0
Sep 19 20:17:12.438767 cachyos-x8664 kernel: amdgpu 0000:c4:00.0: [drm:amdgpu_dm_atomic_commit_tail [amdgpu]] [HDCP_DM] connector->index: 1 connect_status: 1 dpms: 0
Sep 19 20:17:12.454459 cachyos-x8664 kernel: amdgpu 0000:c4:00.0: [drm:amdgpu_dm_atomic_commit_tail [amdgpu]] [HDCP_DM] connector->index: 1 connect_status: 1 dpms: 0
Sep 19 20:17:12.480885 cachyos-x8664 kernel: amdgpu 0000:c4:00.0: [drm:link_set_dpms_off [amdgpu]] link_set_dpms_off pipe_ctx dispname=LG TV SSCR2 signal=100 link=1 sink_count=0
Sep 19 20:17:12.484510 cachyos-x8664 kernel: amdgpu 0000:c4:00.0: [drm:dccg35_set_hdmistreamclk [amdgpu]] dccg35_set_hdmistreamclk: OTG1 HDMISTREAMCLK_EN = 0, HDMISTREAMCLK_SRC_SEL = 1
Sep 19 20:17:12.484984 cachyos-x8664 kernel: amdgpu 0000:c4:00.0: [drm:hdmi_frl_LTS_clear_Link_Setting [amdgpu]] FRL LINK TRAINING: LTS:L - Clear FRL_Rate.
Sep 19 20:17:12.488003 cachyos-x8664 kernel: amdgpu 0000:c4:00.0: [drm:hpo_frl_link_enc3_disable [amdgpu]] Entering [hpo_frl_link_enc3_disable]
Sep 19 20:17:12.488209 cachyos-x8664 kernel: amdgpu 0000:c4:00.0: [drm:disable_hpo_frl_link_output.llvm.16590871359141467255 [amdgpu]] Exiting [hpo_frl_link_enc3_disable]
Sep 19 20:17:12.509253 cachyos-x8664 kernel: amdgpu 0000:c4:00.0: [drm:link_set_dpms_off [amdgpu]] link_set_dpms_off pipe_ctx dispname=TL134ADXP03 signal=80 link=0 sink_count=0
Sep 19 20:17:12.570176 cachyos-x8664 kernel: amdgpu 0000:c4:00.0: [drm:dcn35_optimize_bandwidth [amdgpu]] dccg35_set_hdmistreamclk_root_clock_gating: HDMISTREAMCLK0_ROOT_GATE_DISABLE = 0
Sep 19 20:17:12.570393 cachyos-x8664 kernel: amdgpu 0000:c4:00.0: [drm:amdgpu_dm_atomic_commit_tail [amdgpu]] [HDCP_DM] connector->index: 0 connect_status: 1 dpms: 3
Sep 19 20:17:12.571227 cachyos-x8664 kernel: amdgpu 0000:c4:00.0: [drm:amdgpu_dm_atomic_commit_tail [amdgpu]] [HDCP_DM] connector->index: 1 connect_status: 1 dpms: 3
Sep 19 20:17:12.571630 cachyos-x8664 kernel: amdgpu 0000:c4:00.0: [drm:amdgpu_dm_atomic_commit_tail [amdgpu]] [HDCP_DM] connector->index: 2 connect_status: 2 dpms: 3
Sep 19 20:17:12.571829 cachyos-x8664 kernel: amdgpu 0000:c4:00.0: [drm:dcn35_optimize_bandwidth [amdgpu]] dccg35_set_hdmistreamclk_root_clock_gating: HDMISTREAMCLK0_ROOT_GATE_DISABLE = 0
Sep 19 20:17:12.571966 cachyos-x8664 kernel: amdgpu 0000:c4:00.0: [drm:amdgpu_dm_atomic_commit_tail [amdgpu]] [HDCP_DM] connector->index: 3 connect_status: 2 dpms: 3
Sep 19 20:17:12.573157 cachyos-x8664 kernel: amdgpu 0000:c4:00.0: [drm:amdgpu_dm_atomic_commit_tail [amdgpu]] [HDCP_DM] connector->index: 4 connect_status: 2 dpms: 3
Sep 19 20:17:12.573521 cachyos-x8664 kernel: amdgpu 0000:c4:00.0: [drm:amdgpu_dm_atomic_commit_tail [amdgpu]] [HDCP_DM] connector->index: 5 connect_status: 2 dpms: 3
Sep 19 20:17:12.573869 cachyos-x8664 kernel: amdgpu 0000:c4:00.0: [drm:amdgpu_dm_atomic_commit_tail [amdgpu]] [HDCP_DM] connector->index: 6 connect_status: 2 dpms: 3
Sep 19 20:17:12.574093 cachyos-x8664 kernel: amdgpu 0000:c4:00.0: [drm:amdgpu_dm_atomic_commit_tail [amdgpu]] [HDCP_DM] connector->index: 7 connect_status: 2 dpms: 3
Sep 19 20:17:12.574294 cachyos-x8664 kernel: amdgpu 0000:c4:00.0: [drm:amdgpu_dm_atomic_commit_tail [amdgpu]] [HDCP_DM] connector->index: 8 connect_status: 2 dpms: 3
Sep 19 20:17:32.213330 cachyos-x8664 kernel: amdgpu 0000:c4:00.0: [drm:dcn35_root_clock_control [amdgpu]] dccg35_set_hdmistreamclk_root_clock_gating: HDMISTREAMCLK0_ROOT_GATE_DISABLE = 1
Sep 19 20:17:32.224076 cachyos-x8664 kernel: amdgpu 0000:c4:00.0: [drm:link_set_dpms_on [amdgpu]] link_set_dpms_on pipe_ctx dispname=TL134ADXP03 signal=80 link=0 sink_count=0
Sep 19 20:17:32.376975 cachyos-x8664 kernel: amdgpu 0000:c4:00.0: [drm:hpo_enc3_setup_hdmi_audio [amdgpu]] Entering [hpo_enc3_setup_hdmi_audio]
Sep 19 20:17:32.377376 cachyos-x8664 kernel: amdgpu 0000:c4:00.0: [drm:hpo_enc3_hdmi_audio_setup [amdgpu]] Exiting [hpo_enc3_setup_hdmi_audio]
Sep 19 20:17:32.385011 cachyos-x8664 kernel: amdgpu 0000:c4:00.0: [drm:link_set_dpms_on [amdgpu]] link_set_dpms_on pipe_ctx dispname=LG TV SSCR2 signal=100 link=1 sink_count=0
Sep 19 20:17:32.385488 cachyos-x8664 kernel: amdgpu 0000:c4:00.0: [drm:hpo_enc3_set_hdmi_stream_attribute [amdgpu]] Entering [hpo_enc3_set_hdmi_stream_attribute]
Sep 19 20:17:32.385677 cachyos-x8664 kernel: amdgpu 0000:c4:00.0: [drm:link_set_dpms_on [amdgpu]] Exiting [hpo_enc3_set_hdmi_stream_attribute]
Sep 19 20:17:32.385828 cachyos-x8664 kernel: amdgpu 0000:c4:00.0: [drm:link_set_dpms_on [amdgpu]] FRL LINK TRAINING:  LTS:P Start
Sep 19 20:17:32.386955 cachyos-x8664 kernel: amdgpu 0000:c4:00.0: [drm:hdmi_frl_perform_link_training [amdgpu]] FRL LINK TRAINING:  Starting FRL Link Training.
Sep 19 20:17:32.389404 cachyos-x8664 kernel: amdgpu 0000:c4:00.0: [drm:hdmi_frl_perform_link_training [amdgpu]] FRL LINK TRAINING:  Read Sink Version = 1.
Sep 19 20:17:32.389864 cachyos-x8664 kernel: amdgpu 0000:c4:00.0: [drm:hdmi_frl_perform_link_training [amdgpu]] FRL LINK TRAINING:  Set Source Version = 1.
Sep 19 20:17:32.390023 cachyos-x8664 kernel: amdgpu 0000:c4:00.0: [drm:hdmi_frl_perform_link_training [amdgpu]] FRL LINK TRAINING:  Poll for FLT_READY.
Sep 19 20:17:32.390148 cachyos-x8664 kernel: amdgpu 0000:c4:00.0: [drm:hdmi_frl_perform_link_training [amdgpu]] FRL LINK TRAINING:  Read FLT_READY = 1.  num_polls = 1
Sep 19 20:17:32.391961 cachyos-x8664 kernel: amdgpu 0000:c4:00.0: [drm:hdmi_frl_perform_link_training [amdgpu]] FRL TEST REQ:  FLT_no_timeout = 0 
Sep 19 20:17:32.392962 cachyos-x8664 kernel: amdgpu 0000:c4:00.0: [drm:hdmi_frl_perform_link_training [amdgpu]] FRL LINK TRAINING:  Write link rate = 5.  Max FFE_Levels = 0
Sep 19 20:17:32.393220 cachyos-x8664 kernel: amdgpu 0000:c4:00.0: [drm:hdmi_frl_perform_link_training [amdgpu]] FRL LINK TRAINING:  Poll for FLT_UPDATE.
Sep 19 20:17:32.393378 cachyos-x8664 kernel: amdgpu 0000:c4:00.0: [drm:hdmi_frl_perform_link_training [amdgpu]] FRL LINK TRAINING:  Read FLT_UPDATE = 0.  num_polls = 1
Sep 19 20:17:32.395960 cachyos-x8664 kernel: amdgpu 0000:c4:00.0: [drm:hdmi_frl_perform_link_training [amdgpu]] FRL LINK TRAINING:  Read FLT_UPDATE = 0.  num_polls = 2
Sep 19 20:17:32.397962 cachyos-x8664 kernel: amdgpu 0000:c4:00.0: [drm:hdmi_frl_perform_link_training [amdgpu]] FRL LINK TRAINING:  Read FLT_UPDATE = 0.  num_polls = 3
Sep 19 20:17:32.399959 cachyos-x8664 kernel: amdgpu 0000:c4:00.0: [drm:hdmi_frl_perform_link_training [amdgpu]] FRL LINK TRAINING:  Read FLT_UPDATE = 0.  num_polls = 4
Sep 19 20:17:32.401960 cachyos-x8664 kernel: amdgpu 0000:c4:00.0: [drm:hdmi_frl_perform_link_training [amdgpu]] FRL LINK TRAINING:  Read FLT_UPDATE = 0.  num_polls = 5
Sep 19 20:17:32.403959 cachyos-x8664 kernel: amdgpu 0000:c4:00.0: [drm:hdmi_frl_perform_link_training [amdgpu]] FRL LINK TRAINING:  Read FLT_UPDATE = 0.  num_polls = 6
Sep 19 20:17:32.406452 cachyos-x8664 kernel: amdgpu 0000:c4:00.0: [drm:hdmi_frl_perform_link_training [amdgpu]] FRL LINK TRAINING:  Read FLT_UPDATE = 0.  num_polls = 7
Sep 19 20:17:32.407972 cachyos-x8664 kernel: amdgpu 0000:c4:00.0: [drm:hdmi_frl_perform_link_training [amdgpu]] FRL LINK TRAINING:  Read FLT_UPDATE = 0.  num_polls = 8
Sep 19 20:17:32.410391 cachyos-x8664 kernel: amdgpu 0000:c4:00.0: [drm:hdmi_frl_perform_link_training [amdgpu]] FRL LINK TRAINING:  Read FLT_UPDATE = 0.  num_polls = 9
Sep 19 20:17:32.411976 cachyos-x8664 kernel: amdgpu 0000:c4:00.0: [drm:hdmi_frl_perform_link_training [amdgpu]] FRL LINK TRAINING:  Read FLT_UPDATE = 0.  num_polls = 10
Sep 19 20:17:32.413959 cachyos-x8664 kernel: amdgpu 0000:c4:00.0: [drm:hdmi_frl_perform_link_training [amdgpu]] FRL LINK TRAINING:  Read FLT_UPDATE = 1.  num_polls = 11
Sep 19 20:17:32.414960 cachyos-x8664 kernel: amdgpu 0000:c4:00.0: [drm:hdmi_frl_perform_link_training [amdgpu]] FRL LINK TRAINING:  Read LN0_LTP_REQ = 5.  LN1_LTP_REQ = 6
Sep 19 20:17:32.415132 cachyos-x8664 kernel: amdgpu 0000:c4:00.0: [drm:hdmi_frl_perform_link_training [amdgpu]] FRL LINK TRAINING:  Read LN2_LTP_REQ = 7.  LN3_LTP_REQ = 8
Sep 19 20:17:32.415262 cachyos-x8664 kernel: amdgpu 0000:c4:00.0: [drm:hdmi_frl_perform_link_training [amdgpu]] FRL LINK TRAINING:  Clear FLT_UPDATE flag.
Sep 19 20:17:32.415392 cachyos-x8664 kernel: amdgpu 0000:c4:00.0: [drm:hdmi_frl_perform_link_training [amdgpu]] FRL LINK TRAINING:  Setting Training Pattern [ln0,ln1,ln2,ln3] = [5,6,7,8].
Sep 19 20:17:32.416959 cachyos-x8664 kernel: amdgpu 0000:c4:00.0: [drm:hdmi_frl_perform_link_training [amdgpu]] FRL LINK TRAINING:  Read FLT_UPDATE = 0.  num_polls = 12
Sep 19 20:17:32.418960 cachyos-x8664 kernel: amdgpu 0000:c4:00.0: [drm:hdmi_frl_perform_link_training [amdgpu]] FRL LINK TRAINING:  Read FLT_UPDATE = 0.  num_polls = 13
Sep 19 20:17:32.420963 cachyos-x8664 kernel: amdgpu 0000:c4:00.0: [drm:hdmi_frl_perform_link_training [amdgpu]] FRL LINK TRAINING:  Read FLT_UPDATE = 0.  num_polls = 14
Sep 19 20:17:32.422959 cachyos-x8664 kernel: amdgpu 0000:c4:00.0: [drm:hdmi_frl_perform_link_training [amdgpu]] FRL LINK TRAINING:  Read FLT_UPDATE = 0.  num_polls = 15
Sep 19 20:17:32.425406 cachyos-x8664 kernel: amdgpu 0000:c4:00.0: [drm:hdmi_frl_perform_link_training [amdgpu]] FRL LINK TRAINING:  Read FLT_UPDATE = 0.  num_polls = 16
Sep 19 20:17:32.426968 cachyos-x8664 kernel: amdgpu 0000:c4:00.0: [drm:hdmi_frl_perform_link_training [amdgpu]] FRL LINK TRAINING:  Read FLT_UPDATE = 0.  num_polls = 17
Sep 19 20:17:32.429257 cachyos-x8664 kernel: amdgpu 0000:c4:00.0: [drm:hdmi_frl_perform_link_training [amdgpu]] FRL LINK TRAINING:  Read FLT_UPDATE = 0.  num_polls = 18
Sep 19 20:17:32.430967 cachyos-x8664 kernel: amdgpu 0000:c4:00.0: [drm:hdmi_frl_perform_link_training [amdgpu]] FRL LINK TRAINING:  Read FLT_UPDATE = 0.  num_polls = 19
Sep 19 20:17:32.433476 cachyos-x8664 kernel: amdgpu 0000:c4:00.0: [drm:hdmi_frl_perform_link_training [amdgpu]] FRL LINK TRAINING:  Read FLT_UPDATE = 0.  num_polls = 20
Sep 19 20:17:32.434971 cachyos-x8664 kernel: amdgpu 0000:c4:00.0: [drm:hdmi_frl_perform_link_training [amdgpu]] FRL LINK TRAINING:  Read FLT_UPDATE = 0.  num_polls = 21
Sep 19 20:17:32.436959 cachyos-x8664 kernel: amdgpu 0000:c4:00.0: [drm:hdmi_frl_perform_link_training [amdgpu]] FRL LINK TRAINING:  Read FLT_UPDATE = 0.  num_polls = 22
Sep 19 20:17:32.438969 cachyos-x8664 kernel: amdgpu 0000:c4:00.0: [drm:hdmi_frl_perform_link_training [amdgpu]] FRL LINK TRAINING:  Read FLT_UPDATE = 0.  num_polls = 23
Sep 19 20:17:32.441404 cachyos-x8664 kernel: amdgpu 0000:c4:00.0: [drm:hdmi_frl_perform_link_training [amdgpu]] FRL LINK TRAINING:  Read FLT_UPDATE = 0.  num_polls = 24
Sep 19 20:17:32.442971 cachyos-x8664 kernel: amdgpu 0000:c4:00.0: [drm:hdmi_frl_perform_link_training [amdgpu]] FRL LINK TRAINING:  Read FLT_UPDATE = 0.  num_polls = 25
Sep 19 20:17:32.444984 cachyos-x8664 kernel: amdgpu 0000:c4:00.0: [drm:hdmi_frl_perform_link_training [amdgpu]] FRL LINK TRAINING:  Read FLT_UPDATE = 0.  num_polls = 26
Sep 19 20:17:32.446969 cachyos-x8664 kernel: amdgpu 0000:c4:00.0: [drm:hdmi_frl_perform_link_training [amdgpu]] FRL LINK TRAINING:  Read FLT_UPDATE = 0.  num_polls = 27
Sep 19 20:17:32.449386 cachyos-x8664 kernel: amdgpu 0000:c4:00.0: [drm:hdmi_frl_perform_link_training [amdgpu]] FRL LINK TRAINING:  Read FLT_UPDATE = 0.  num_polls = 28
Sep 19 20:17:32.450953 cachyos-x8664 kernel: amdgpu 0000:c4:00.0: [drm:hdmi_frl_perform_link_training [amdgpu]] FRL LINK TRAINING:  Read FLT_UPDATE = 0.  num_polls = 29
Sep 19 20:17:32.453398 cachyos-x8664 kernel: amdgpu 0000:c4:00.0: [drm:hdmi_frl_perform_link_training [amdgpu]] FRL LINK TRAINING:  Read FLT_UPDATE = 0.  num_polls = 30
Sep 19 20:17:32.454953 cachyos-x8664 kernel: amdgpu 0000:c4:00.0: [drm:hdmi_frl_perform_link_training [amdgpu]] FRL LINK TRAINING:  Read FLT_UPDATE = 0.  num_polls = 31
Sep 19 20:17:32.456957 cachyos-x8664 kernel: amdgpu 0000:c4:00.0: [drm:hdmi_frl_perform_link_training [amdgpu]] FRL LINK TRAINING:  Read FLT_UPDATE = 0.  num_polls = 32
Sep 19 20:17:32.458957 cachyos-x8664 kernel: amdgpu 0000:c4:00.0: [drm:hdmi_frl_perform_link_training [amdgpu]] FRL LINK TRAINING:  Read FLT_UPDATE = 0.  num_polls = 33
Sep 19 20:17:32.460959 cachyos-x8664 kernel: amdgpu 0000:c4:00.0: [drm:hdmi_frl_perform_link_training [amdgpu]] FRL LINK TRAINING:  Read FLT_UPDATE = 0.  num_polls = 34
Sep 19 20:17:32.462959 cachyos-x8664 kernel: amdgpu 0000:c4:00.0: [drm:hdmi_frl_perform_link_training [amdgpu]] FRL LINK TRAINING:  Read FLT_UPDATE = 0.  num_polls = 35
Sep 19 20:17:32.464956 cachyos-x8664 kernel: amdgpu 0000:c4:00.0: [drm:hdmi_frl_perform_link_training [amdgpu]] FRL LINK TRAINING:  Read FLT_UPDATE = 0.  num_polls = 36
Sep 19 20:17:32.466958 cachyos-x8664 kernel: amdgpu 0000:c4:00.0: [drm:hdmi_frl_perform_link_training [amdgpu]] FRL LINK TRAINING:  Read FLT_UPDATE = 0.  num_polls = 37
Sep 19 20:17:32.469403 cachyos-x8664 kernel: amdgpu 0000:c4:00.0: [drm:hdmi_frl_perform_link_training [amdgpu]] FRL LINK TRAINING:  Read FLT_UPDATE = 0.  num_polls = 38
Sep 19 20:17:32.470953 cachyos-x8664 kernel: amdgpu 0000:c4:00.0: [drm:hdmi_frl_perform_link_training [amdgpu]] FRL LINK TRAINING:  Read FLT_UPDATE = 0.  num_polls = 39
Sep 19 20:17:32.473238 cachyos-x8664 kernel: amdgpu 0000:c4:00.0: [drm:hdmi_frl_perform_link_training [amdgpu]] FRL LINK TRAINING:  Read FLT_UPDATE = 0.  num_polls = 40
Sep 19 20:17:32.474953 cachyos-x8664 kernel: amdgpu 0000:c4:00.0: [drm:hdmi_frl_perform_link_training [amdgpu]] FRL LINK TRAINING:  Read FLT_UPDATE = 0.  num_polls = 41
Sep 19 20:17:32.476997 cachyos-x8664 kernel: amdgpu 0000:c4:00.0: [drm:hdmi_frl_perform_link_training [amdgpu]] FRL LINK TRAINING:  Read FLT_UPDATE = 0.  num_polls = 42
Sep 19 20:17:32.478959 cachyos-x8664 kernel: amdgpu 0000:c4:00.0: [drm:hdmi_frl_perform_link_training [amdgpu]] FRL LINK TRAINING:  Read FLT_UPDATE = 0.  num_polls = 43
Sep 19 20:17:32.481411 cachyos-x8664 kernel: amdgpu 0000:c4:00.0: [drm:hdmi_frl_perform_link_training [amdgpu]] FRL LINK TRAINING:  Read FLT_UPDATE = 0.  num_polls = 44
Sep 19 20:17:32.482953 cachyos-x8664 kernel: amdgpu 0000:c4:00.0: [drm:hdmi_frl_perform_link_training [amdgpu]] FRL LINK TRAINING:  Read FLT_UPDATE = 0.  num_polls = 45
Sep 19 20:17:32.484958 cachyos-x8664 kernel: amdgpu 0000:c4:00.0: [drm:hdmi_frl_perform_link_training [amdgpu]] FRL LINK TRAINING:  Read FLT_UPDATE = 0.  num_polls = 46
Sep 19 20:17:32.486958 cachyos-x8664 kernel: amdgpu 0000:c4:00.0: [drm:hdmi_frl_perform_link_training [amdgpu]] FRL LINK TRAINING:  Read FLT_UPDATE = 0.  num_polls = 47
Sep 19 20:17:32.489403 cachyos-x8664 kernel: amdgpu 0000:c4:00.0: [drm:hdmi_frl_perform_link_training [amdgpu]] FRL LINK TRAINING:  Read FLT_UPDATE = 0.  num_polls = 48
Sep 19 20:17:32.490953 cachyos-x8664 kernel: amdgpu 0000:c4:00.0: [drm:hdmi_frl_perform_link_training [amdgpu]] FRL LINK TRAINING:  Read FLT_UPDATE = 0.  num_polls = 49
Sep 19 20:17:32.493243 cachyos-x8664 kernel: amdgpu 0000:c4:00.0: [drm:hdmi_frl_perform_link_training [amdgpu]] FRL LINK TRAINING:  Read FLT_UPDATE = 0.  num_polls = 50
Sep 19 20:17:32.494963 cachyos-x8664 kernel: amdgpu 0000:c4:00.0: [drm:hdmi_frl_perform_link_training [amdgpu]] FRL LINK TRAINING:  Read FLT_UPDATE = 0.  num_polls = 51
Sep 19 20:17:32.497410 cachyos-x8664 kernel: amdgpu 0000:c4:00.0: [drm:hdmi_frl_perform_link_training [amdgpu]] FRL LINK TRAINING:  Read FLT_UPDATE = 0.  num_polls = 52
Sep 19 20:17:32.498963 cachyos-x8664 kernel: amdgpu 0000:c4:00.0: [drm:hdmi_frl_perform_link_training [amdgpu]] FRL LINK TRAINING:  Read FLT_UPDATE = 0.  num_polls = 53
Sep 19 20:17:32.500958 cachyos-x8664 kernel: amdgpu 0000:c4:00.0: [drm:hdmi_frl_perform_link_training [amdgpu]] FRL LINK TRAINING:  Read FLT_UPDATE = 0.  num_polls = 54
Sep 19 20:17:32.502958 cachyos-x8664 kernel: amdgpu 0000:c4:00.0: [drm:hdmi_frl_perform_link_training [amdgpu]] FRL LINK TRAINING:  Read FLT_UPDATE = 0.  num_polls = 55
Sep 19 20:17:32.505403 cachyos-x8664 kernel: amdgpu 0000:c4:00.0: [drm:hdmi_frl_perform_link_training [amdgpu]] FRL LINK TRAINING:  Read FLT_UPDATE = 0.  num_polls = 56
Sep 19 20:17:32.506953 cachyos-x8664 kernel: amdgpu 0000:c4:00.0: [drm:hdmi_frl_perform_link_training [amdgpu]] FRL LINK TRAINING:  Read FLT_UPDATE = 0.  num_polls = 57
Sep 19 20:17:32.509447 cachyos-x8664 kernel: amdgpu 0000:c4:00.0: [drm:hdmi_frl_perform_link_training [amdgpu]] FRL LINK TRAINING:  Read FLT_UPDATE = 0.  num_polls = 58
Sep 19 20:17:32.510953 cachyos-x8664 kernel: amdgpu 0000:c4:00.0: [drm:hdmi_frl_perform_link_training [amdgpu]] FRL LINK TRAINING:  Read FLT_UPDATE = 0.  num_polls = 59
Sep 19 20:17:32.512967 cachyos-x8664 kernel: amdgpu 0000:c4:00.0: [drm:hdmi_frl_perform_link_training [amdgpu]] FRL LINK TRAINING:  Read FLT_UPDATE = 0.  num_polls = 60
Sep 19 20:17:32.514958 cachyos-x8664 kernel: amdgpu 0000:c4:00.0: [drm:hdmi_frl_perform_link_training [amdgpu]] FRL LINK TRAINING:  Read FLT_UPDATE = 0.  num_polls = 61
Sep 19 20:17:32.516959 cachyos-x8664 kernel: amdgpu 0000:c4:00.0: [drm:hdmi_frl_perform_link_training [amdgpu]] FRL LINK TRAINING:  Read FLT_UPDATE = 0.  num_polls = 62
Sep 19 20:17:32.518958 cachyos-x8664 kernel: amdgpu 0000:c4:00.0: [drm:hdmi_frl_perform_link_training [amdgpu]] FRL LINK TRAINING:  Read FLT_UPDATE = 0.  num_polls = 63
Sep 19 20:17:32.520969 cachyos-x8664 kernel: amdgpu 0000:c4:00.0: [drm:hdmi_frl_perform_link_training [amdgpu]] FRL LINK TRAINING:  Read FLT_UPDATE = 0.  num_polls = 64
Sep 19 20:17:32.522957 cachyos-x8664 kernel: amdgpu 0000:c4:00.0: [drm:hdmi_frl_perform_link_training [amdgpu]] FRL LINK TRAINING:  Read FLT_UPDATE = 0.  num_polls = 65
Sep 19 20:17:32.524958 cachyos-x8664 kernel: amdgpu 0000:c4:00.0: [drm:hdmi_frl_perform_link_training [amdgpu]] FRL LINK TRAINING:  Read FLT_UPDATE = 0.  num_polls = 66
Sep 19 20:17:32.526958 cachyos-x8664 kernel: amdgpu 0000:c4:00.0: [drm:hdmi_frl_perform_link_training [amdgpu]] FRL LINK TRAINING:  Read FLT_UPDATE = 0.  num_polls = 67
Sep 19 20:17:32.529413 cachyos-x8664 kernel: amdgpu 0000:c4:00.0: [drm:hdmi_frl_perform_link_training [amdgpu]] FRL LINK TRAINING:  Read FLT_UPDATE = 0.  num_polls = 68
Sep 19 20:17:32.530953 cachyos-x8664 kernel: amdgpu 0000:c4:00.0: [drm:hdmi_frl_perform_link_training [amdgpu]] FRL LINK TRAINING:  Read FLT_UPDATE = 0.  num_polls = 69
Sep 19 20:17:32.532976 cachyos-x8664 kernel: amdgpu 0000:c4:00.0: [drm:hdmi_frl_perform_link_training [amdgpu]] FRL LINK TRAINING:  Read FLT_UPDATE = 0.  num_polls = 70
Sep 19 20:17:32.534957 cachyos-x8664 kernel: amdgpu 0000:c4:00.0: [drm:hdmi_frl_perform_link_training [amdgpu]] FRL LINK TRAINING:  Read FLT_UPDATE = 0.  num_polls = 71
Sep 19 20:17:32.536957 cachyos-x8664 kernel: amdgpu 0000:c4:00.0: [drm:hdmi_frl_perform_link_training [amdgpu]] FRL LINK TRAINING:  Read FLT_UPDATE = 0.  num_polls = 72
Sep 19 20:17:32.538957 cachyos-x8664 kernel: amdgpu 0000:c4:00.0: [drm:hdmi_frl_perform_link_training [amdgpu]] FRL LINK TRAINING:  Read FLT_UPDATE = 0.  num_polls = 73
Sep 19 20:17:32.541410 cachyos-x8664 kernel: amdgpu 0000:c4:00.0: [drm:hdmi_frl_perform_link_training [amdgpu]] FRL LINK TRAINING:  Read FLT_UPDATE = 0.  num_polls = 74
Sep 19 20:17:32.542953 cachyos-x8664 kernel: amdgpu 0000:c4:00.0: [drm:hdmi_frl_perform_link_training [amdgpu]] FRL LINK TRAINING:  Read FLT_UPDATE = 0.  num_polls = 75
Sep 19 20:17:32.544957 cachyos-x8664 kernel: amdgpu 0000:c4:00.0: [drm:hdmi_frl_perform_link_training [amdgpu]] FRL LINK TRAINING:  Read FLT_UPDATE = 0.  num_polls = 76
Sep 19 20:17:32.546957 cachyos-x8664 kernel: amdgpu 0000:c4:00.0: [drm:hdmi_frl_perform_link_training [amdgpu]] FRL LINK TRAINING:  Read FLT_UPDATE = 0.  num_polls = 77
Sep 19 20:17:32.549411 cachyos-x8664 kernel: amdgpu 0000:c4:00.0: [drm:hdmi_frl_perform_link_training [amdgpu]] FRL LINK TRAINING:  Read FLT_UPDATE = 0.  num_polls = 78
Sep 19 20:17:32.550954 cachyos-x8664 kernel: amdgpu 0000:c4:00.0: [drm:hdmi_frl_perform_link_training [amdgpu]] FRL LINK TRAINING:  Read FLT_UPDATE = 0.  num_polls = 79
Sep 19 20:17:32.552958 cachyos-x8664 kernel: amdgpu 0000:c4:00.0: [drm:hdmi_frl_perform_link_training [amdgpu]] FRL LINK TRAINING:  Read FLT_UPDATE = 0.  num_polls = 80
Sep 19 20:17:32.554958 cachyos-x8664 kernel: amdgpu 0000:c4:00.0: [drm:hdmi_frl_perform_link_training [amdgpu]] FRL LINK TRAINING:  Read FLT_UPDATE = 0.  num_polls = 81
Sep 19 20:17:32.556959 cachyos-x8664 kernel: amdgpu 0000:c4:00.0: [drm:hdmi_frl_perform_link_training [amdgpu]] FRL LINK TRAINING:  Read FLT_UPDATE = 0.  num_polls = 82
Sep 19 20:17:32.558962 cachyos-x8664 kernel: amdgpu 0000:c4:00.0: [drm:hdmi_frl_perform_link_training [amdgpu]] FRL LINK TRAINING:  Read FLT_UPDATE = 0.  num_polls = 83
Sep 19 20:17:32.560961 cachyos-x8664 kernel: amdgpu 0000:c4:00.0: [drm:hdmi_frl_perform_link_training [amdgpu]] FRL LINK TRAINING:  Read FLT_UPDATE = 0.  num_polls = 84
Sep 19 20:17:32.562958 cachyos-x8664 kernel: amdgpu 0000:c4:00.0: [drm:hdmi_frl_perform_link_training [amdgpu]] FRL LINK TRAINING:  Read FLT_UPDATE = 0.  num_polls = 85
Sep 19 20:17:32.564958 cachyos-x8664 kernel: amdgpu 0000:c4:00.0: [drm:hdmi_frl_perform_link_training [amdgpu]] FRL LINK TRAINING:  Read FLT_UPDATE = 0.  num_polls = 86
Sep 19 20:17:32.566958 cachyos-x8664 kernel: amdgpu 0000:c4:00.0: [drm:hdmi_frl_perform_link_training [amdgpu]] FRL LINK TRAINING:  Read FLT_UPDATE = 0.  num_polls = 87
Sep 19 20:17:32.568958 cachyos-x8664 kernel: amdgpu 0000:c4:00.0: [drm:hdmi_frl_perform_link_training [amdgpu]] FRL LINK TRAINING:  Read FLT_UPDATE = 0.  num_polls = 88
Sep 19 20:17:32.570958 cachyos-x8664 kernel: amdgpu 0000:c4:00.0: [drm:hdmi_frl_perform_link_training [amdgpu]] FRL LINK TRAINING:  Read FLT_UPDATE = 0.  num_polls = 89
Sep 19 20:17:32.572958 cachyos-x8664 kernel: amdgpu 0000:c4:00.0: [drm:hdmi_frl_perform_link_training [amdgpu]] FRL LINK TRAINING:  Read FLT_UPDATE = 0.  num_polls = 90
Sep 19 20:17:32.574958 cachyos-x8664 kernel: amdgpu 0000:c4:00.0: [drm:hdmi_frl_perform_link_training [amdgpu]] FRL LINK TRAINING:  Read FLT_UPDATE = 0.  num_polls = 91
Sep 19 20:17:32.576958 cachyos-x8664 kernel: amdgpu 0000:c4:00.0: [drm:hdmi_frl_perform_link_training [amdgpu]] FRL LINK TRAINING:  Read FLT_UPDATE = 0.  num_polls = 92
Sep 19 20:17:32.578958 cachyos-x8664 kernel: amdgpu 0000:c4:00.0: [drm:hdmi_frl_perform_link_training [amdgpu]] FRL LINK TRAINING:  Read FLT_UPDATE = 0.  num_polls = 93
Sep 19 20:17:32.580968 cachyos-x8664 kernel: amdgpu 0000:c4:00.0: [drm:hdmi_frl_perform_link_training [amdgpu]] FRL LINK TRAINING:  Read FLT_UPDATE = 0.  num_polls = 94
Sep 19 20:17:32.582958 cachyos-x8664 kernel: amdgpu 0000:c4:00.0: [drm:hdmi_frl_perform_link_training [amdgpu]] FRL LINK TRAINING:  Read FLT_UPDATE = 0.  num_polls = 95
Sep 19 20:17:32.584958 cachyos-x8664 kernel: amdgpu 0000:c4:00.0: [drm:hdmi_frl_perform_link_training [amdgpu]] FRL LINK TRAINING:  Read FLT_UPDATE = 0.  num_polls = 96
Sep 19 20:17:32.586958 cachyos-x8664 kernel: amdgpu 0000:c4:00.0: [drm:hdmi_frl_perform_link_training [amdgpu]] FRL LINK TRAINING:  Read FLT_UPDATE = 0.  num_polls = 97
Sep 19 20:17:32.588968 cachyos-x8664 kernel: amdgpu 0000:c4:00.0: [drm:hdmi_frl_perform_link_training [amdgpu]] FRL LINK TRAINING:  Read FLT_UPDATE = 0.  num_polls = 98
Sep 19 20:17:32.590958 cachyos-x8664 kernel: amdgpu 0000:c4:00.0: [drm:hdmi_frl_perform_link_training [amdgpu]] FRL LINK TRAINING:  Read FLT_UPDATE = 0.  num_polls = 99
Sep 19 20:17:32.592958 cachyos-x8664 kernel: amdgpu 0000:c4:00.0: [drm:hdmi_frl_perform_link_training [amdgpu]] FRL LINK TRAINING:  Read FLT_UPDATE = 0.  num_polls = 100
Sep 19 20:17:32.594975 cachyos-x8664 kernel: amdgpu 0000:c4:00.0: [drm:hdmi_frl_perform_link_training [amdgpu]] FRL LINK TRAINING:  Read FLT_UPDATE = 1.  num_polls = 101
Sep 19 20:17:32.595248 cachyos-x8664 kernel: amdgpu 0000:c4:00.0: [drm:hdmi_frl_perform_link_training [amdgpu]] FRL LINK TRAINING:  Read LN0_LTP_REQ = 0.  LN1_LTP_REQ = 0
Sep 19 20:17:32.595388 cachyos-x8664 kernel: amdgpu 0000:c4:00.0: [drm:hdmi_frl_perform_link_training [amdgpu]] FRL LINK TRAINING:  Read LN2_LTP_REQ = 0.  LN3_LTP_REQ = 0
Sep 19 20:17:32.595960 cachyos-x8664 kernel: amdgpu 0000:c4:00.0: [drm:hdmi_frl_perform_link_training [amdgpu]] FRL LINK TRAINING:  Clear FLT_UPDATE flag.
Sep 19 20:17:32.596979 cachyos-x8664 kernel: amdgpu 0000:c4:00.0: [drm:hdmi_frl_perform_link_training [amdgpu]] FRL LINK TRAINING:  PASSED
Sep 19 20:17:32.597143 cachyos-x8664 kernel: amdgpu 0000:c4:00.0: [drm:hdmi_frl_perform_link_training_with_retries [amdgpu]] FRL LINK TRAINING: Retry count = 1 out of 3
Sep 19 20:17:32.597411 cachyos-x8664 kernel: amdgpu 0000:c4:00.0: [drm:hpo_frl_link_enc3_enable_output [amdgpu]] Entering [hpo_frl_link_enc3_enable_output]
Sep 19 20:17:32.597529 cachyos-x8664 kernel: amdgpu 0000:c4:00.0: [drm:link_set_dpms_on [amdgpu]] Exiting [hpo_frl_link_enc3_enable_output]
Sep 19 20:17:32.600960 cachyos-x8664 kernel: amdgpu 0000:c4:00.0: [drm:hdmi_frl_poll_start [amdgpu]] FRL LINK TRAINING:  Read FRL_START = 0, FLT_UPDATE = 0.  num_polls = 100
Sep 19 20:17:32.604462 cachyos-x8664 kernel: amdgpu 0000:c4:00.0: [drm:hdmi_frl_poll_start [amdgpu]] FRL LINK TRAINING:  Read FRL_START = 0, FLT_UPDATE = 0.  num_polls = 99
Sep 19 20:17:32.606987 cachyos-x8664 kernel: amdgpu 0000:c4:00.0: [drm:hdmi_frl_poll_start [amdgpu]] FRL LINK TRAINING:  Read FRL_START = 0, FLT_UPDATE = 0.  num_polls = 98
Sep 19 20:17:32.610404 cachyos-x8664 kernel: amdgpu 0000:c4:00.0: [drm:hdmi_frl_poll_start [amdgpu]] FRL LINK TRAINING:  Read FRL_START = 0, FLT_UPDATE = 0.  num_polls = 97
Sep 19 20:17:32.612968 cachyos-x8664 kernel: amdgpu 0000:c4:00.0: [drm:hdmi_frl_poll_start [amdgpu]] FRL LINK TRAINING:  Read FRL_START = 0, FLT_UPDATE = 0.  num_polls = 96
Sep 19 20:17:32.615961 cachyos-x8664 kernel: amdgpu 0000:c4:00.0: [drm:hdmi_frl_poll_start [amdgpu]] FRL LINK TRAINING:  Read FRL_START = 0, FLT_UPDATE = 0.  num_polls = 95
Sep 19 20:17:32.618985 cachyos-x8664 kernel: amdgpu 0000:c4:00.0: [drm:hdmi_frl_poll_start [amdgpu]] FRL LINK TRAINING:  Read FRL_START = 0, FLT_UPDATE = 0.  num_polls = 94
Sep 19 20:17:32.622405 cachyos-x8664 kernel: amdgpu 0000:c4:00.0: [drm:hdmi_frl_poll_start [amdgpu]] FRL LINK TRAINING:  Read FRL_START = 0, FLT_UPDATE = 0.  num_polls = 93
Sep 19 20:17:32.625453 cachyos-x8664 kernel: amdgpu 0000:c4:00.0: [drm:hdmi_frl_poll_start [amdgpu]] FRL LINK TRAINING:  Read FRL_START = 0, FLT_UPDATE = 0.  num_polls = 92
Sep 19 20:17:32.627973 cachyos-x8664 kernel: amdgpu 0000:c4:00.0: [drm:hdmi_frl_poll_start [amdgpu]] FRL LINK TRAINING:  Read FRL_START = 0, FLT_UPDATE = 0.  num_polls = 91
Sep 19 20:17:32.629961 cachyos-x8664 kernel: amdgpu 0000:c4:00.0: [drm:hdmi_frl_poll_start [amdgpu]] FRL LINK TRAINING:  Read FRL_START = 0, FLT_UPDATE = 0.  num_polls = 90
Sep 19 20:17:32.632961 cachyos-x8664 kernel: amdgpu 0000:c4:00.0: [drm:hdmi_frl_poll_start [amdgpu]] FRL LINK TRAINING:  Read FRL_START = 0, FLT_UPDATE = 0.  num_polls = 89
Sep 19 20:17:32.635961 cachyos-x8664 kernel: amdgpu 0000:c4:00.0: [drm:hdmi_frl_poll_start [amdgpu]] FRL LINK TRAINING:  Read FRL_START = 0, FLT_UPDATE = 0.  num_polls = 88
Sep 19 20:17:32.638962 cachyos-x8664 kernel: amdgpu 0000:c4:00.0: [drm:hdmi_frl_poll_start [amdgpu]] FRL LINK TRAINING:  Read FRL_START = 0, FLT_UPDATE = 0.  num_polls = 87
Sep 19 20:17:32.642408 cachyos-x8664 kernel: amdgpu 0000:c4:00.0: [drm:hdmi_frl_poll_start [amdgpu]] FRL LINK TRAINING:  Read FRL_START = 0, FLT_UPDATE = 0.  num_polls = 86
Sep 19 20:17:32.645452 cachyos-x8664 kernel: amdgpu 0000:c4:00.0: [drm:hdmi_frl_poll_start [amdgpu]] FRL LINK TRAINING:  Read FRL_START = 0, FLT_UPDATE = 0.  num_polls = 85
Sep 19 20:17:32.648057 cachyos-x8664 kernel: amdgpu 0000:c4:00.0: [drm:hdmi_frl_poll_start [amdgpu]] FRL LINK TRAINING:  Read FRL_START = 1, FLT_UPDATE = 0.  num_polls = 84
Sep 19 20:17:32.648344 cachyos-x8664 kernel: amdgpu 0000:c4:00.0: [drm:link_set_dpms_on [amdgpu]] FRL LINK TRAINING:  LTS:P Success
Sep 19 20:17:32.648485 cachyos-x8664 kernel: amdgpu 0000:c4:00.0: [drm:dccg35_set_hdmistreamclk [amdgpu]] dccg35_set_hdmistreamclk: OTG1 HDMISTREAMCLK_EN = 1, HDMISTREAMCLK_SRC_SEL = 1
Sep 19 20:17:32.648733 cachyos-x8664 kernel: amdgpu 0000:c4:00.0: [drm:link_set_dpms_on [amdgpu]] Exiting [hpo_enc3_enable]
Sep 19 20:17:32.654081 cachyos-x8664 kernel: amdgpu 0000:c4:00.0: [drm:amdgpu_dm_atomic_commit_tail [amdgpu]] [HDCP_DM] connector->index: 0 connect_status: 1 dpms: 0
Sep 19 20:17:32.655749 cachyos-x8664 kernel: amdgpu 0000:c4:00.0: [drm:amdgpu_dm_atomic_commit_tail [amdgpu]] [HDCP_DM] connector->index: 1 connect_status: 1 dpms: 0
Sep 19 20:17:32.656393 cachyos-x8664 kernel: amdgpu 0000:c4:00.0: [drm:amdgpu_dm_atomic_commit_tail [amdgpu]] [HDCP_DM] connector->index: 2 connect_status: 2 dpms: 3
Sep 19 20:17:32.656590 cachyos-x8664 kernel: amdgpu 0000:c4:00.0: [drm:amdgpu_dm_atomic_commit_tail [amdgpu]] [HDCP_DM] connector->index: 3 connect_status: 2 dpms: 3
Sep 19 20:17:32.657254 cachyos-x8664 kernel: amdgpu 0000:c4:00.0: [drm:amdgpu_dm_atomic_commit_tail [amdgpu]] [HDCP_DM] connector->index: 4 connect_status: 2 dpms: 3
Sep 19 20:17:32.657662 cachyos-x8664 kernel: amdgpu 0000:c4:00.0: [drm:amdgpu_dm_atomic_commit_tail [amdgpu]] [HDCP_DM] connector->index: 5 connect_status: 2 dpms: 3
Sep 19 20:17:32.658064 cachyos-x8664 kernel: amdgpu 0000:c4:00.0: [drm:amdgpu_dm_atomic_commit_tail [amdgpu]] [HDCP_DM] connector->index: 6 connect_status: 2 dpms: 3
Sep 19 20:17:32.658970 cachyos-x8664 kernel: amdgpu 0000:c4:00.0: [drm:amdgpu_dm_atomic_commit_tail [amdgpu]] [HDCP_DM] connector->index: 7 connect_status: 2 dpms: 3
Sep 19 20:17:32.659429 cachyos-x8664 kernel: amdgpu 0000:c4:00.0: [drm:amdgpu_dm_atomic_commit_tail [amdgpu]] [HDCP_DM] connector->index: 8 connect_status: 2 dpms: 3
Sep 19 20:17:32.661636 cachyos-x8664 kernel: amdgpu 0000:c4:00.0: [drm:dcn35_root_clock_control [amdgpu]] dccg35_set_hdmistreamclk_root_clock_gating: HDMISTREAMCLK0_ROOT_GATE_DISABLE = 1
Sep 19 20:17:32.675410 cachyos-x8664 kernel: amdgpu 0000:c4:00.0: [drm:dcn35_root_clock_control [amdgpu]] dccg35_set_hdmistreamclk_root_clock_gating: HDMISTREAMCLK0_ROOT_GATE_DISABLE = 1
Sep 19 20:17:32.695172 cachyos-x8664 kernel: amdgpu 0000:c4:00.0: [drm:amdgpu_dm_atomic_commit_tail [amdgpu]] [HDCP_DM] connector->index: 1 connect_status: 1 dpms: 0
Sep 19 20:17:32.698447 cachyos-x8664 kernel: amdgpu 0000:c4:00.0: [drm:amdgpu_dm_atomic_commit_tail [amdgpu]] [HDCP_DM] connector->index: 0 connect_status: 1 dpms: 0
Sep 19 20:17:32.699485 cachyos-x8664 kernel: amdgpu 0000:c4:00.0: [drm:dcn35_root_clock_control [amdgpu]] dccg35_set_hdmistreamclk_root_clock_gating: HDMISTREAMCLK0_ROOT_GATE_DISABLE = 1
Sep 19 20:17:32.720423 cachyos-x8664 kernel: amdgpu 0000:c4:00.0: [drm:amdgpu_dm_atomic_commit_tail [amdgpu]] [HDCP_DM] connector->index: 1 connect_status: 1 dpms: 0
Sep 19 20:17:32.737148 cachyos-x8664 kernel: amdgpu 0000:c4:00.0: [drm:amdgpu_dm_atomic_commit_tail [amdgpu]] [HDCP_DM] connector->index: 1 connect_status: 1 dpms: 0
Sep 19 20:17:32.753184 cachyos-x8664 kernel: amdgpu 0000:c4:00.0: [drm:amdgpu_dm_atomic_commit_tail [amdgpu]] [HDCP_DM] connector->index: 1 connect_status: 1 dpms: 0
Sep 19 20:17:32.771194 cachyos-x8664 kernel: amdgpu 0000:c4:00.0: [drm:amdgpu_dm_atomic_commit_tail [amdgpu]] [HDCP_DM] connector->index: 1 connect_status: 1 dpms: 0
Sep 19 20:17:32.787296 cachyos-x8664 kernel: amdgpu 0000:c4:00.0: [drm:amdgpu_dm_atomic_commit_tail [amdgpu]] [HDCP_DM] connector->index: 1 connect_status: 1 dpms: 0
Sep 19 20:17:32.795511 cachyos-x8664 kernel: amdgpu 0000:c4:00.0: [drm:amdgpu_dm_atomic_commit_tail [amdgpu]] [HDCP_DM] connector->index: 1 connect_status: 1 dpms: 0
Sep 19 20:17:32.813187 cachyos-x8664 kernel: amdgpu 0000:c4:00.0: [drm:amdgpu_dm_atomic_commit_tail [amdgpu]] [HDCP_DM] connector->index: 1 connect_status: 1 dpms: 0
Sep 19 20:17:32.829165 cachyos-x8664 kernel: amdgpu 0000:c4:00.0: [drm:amdgpu_dm_atomic_commit_tail [amdgpu]] [HDCP_DM] connector->index: 1 connect_status: 1 dpms: 0
Sep 19 20:17:32.845536 cachyos-x8664 kernel: amdgpu 0000:c4:00.0: [drm:amdgpu_dm_atomic_commit_tail [amdgpu]] [HDCP_DM] connector->index: 1 connect_status: 1 dpms: 0
Sep 19 20:17:32.862924 cachyos-x8664 kernel: amdgpu 0000:c4:00.0: [drm:amdgpu_dm_atomic_commit_tail [amdgpu]] [HDCP_DM] connector->index: 1 connect_status: 1 dpms: 0
Sep 19 20:17:32.880120 cachyos-x8664 kernel: amdgpu 0000:c4:00.0: [drm:amdgpu_dm_atomic_commit_tail [amdgpu]] [HDCP_DM] connector->index: 1 connect_status: 1 dpms: 0
Sep 19 20:17:32.896688 cachyos-x8664 kernel: amdgpu 0000:c4:00.0: [drm:amdgpu_dm_atomic_commit_tail [amdgpu]] [HDCP_DM] connector->index: 1 connect_status: 1 dpms: 0
Sep 19 20:17:32.912993 cachyos-x8664 kernel: amdgpu 0000:c4:00.0: [drm:amdgpu_dm_atomic_commit_tail [amdgpu]] [HDCP_DM] connector->index: 1 connect_status: 1 dpms: 0
Sep 19 20:17:32.929638 cachyos-x8664 kernel: amdgpu 0000:c4:00.0: [drm:amdgpu_dm_atomic_commit_tail [amdgpu]] [HDCP_DM] connector->index: 1 connect_status: 1 dpms: 0
Sep 19 20:17:32.945550 cachyos-x8664 kernel: amdgpu 0000:c4:00.0: [drm:amdgpu_dm_atomic_commit_tail [amdgpu]] [HDCP_DM] connector->index: 1 connect_status: 1 dpms: 0
Sep 19 20:17:34.571247 cachyos-x8664 kernel: amdgpu 0000:c4:00.0: [drm:amdgpu_dm_atomic_commit_tail [amdgpu]] [HDCP_DM] connector->index: 1 connect_status: 1 dpms: 0
Sep 19 20:17:34.596154 cachyos-x8664 kernel: amdgpu 0000:c4:00.0: [drm:amdgpu_dm_atomic_commit_tail [amdgpu]] [HDCP_DM] connector->index: 1 connect_status: 1 dpms: 0
Sep 19 20:17:34.612342 cachyos-x8664 kernel: amdgpu 0000:c4:00.0: [drm:amdgpu_dm_atomic_commit_tail [amdgpu]] [HDCP_DM] connector->index: 1 connect_status: 1 dpms: 0
Sep 19 20:17:34.629464 cachyos-x8664 kernel: amdgpu 0000:c4:00.0: [drm:amdgpu_dm_atomic_commit_tail [amdgpu]] [HDCP_DM] connector->index: 1 connect_status: 1 dpms: 0
Sep 19 20:17:34.645648 cachyos-x8664 kernel: amdgpu 0000:c4:00.0: [drm:amdgpu_dm_atomic_commit_tail [amdgpu]] [HDCP_DM] connector->index: 1 connect_status: 1 dpms: 0
Sep 19 20:17:34.662278 cachyos-x8664 kernel: amdgpu 0000:c4:00.0: [drm:amdgpu_dm_atomic_commit_tail [amdgpu]] [HDCP_DM] connector->index: 1 connect_status: 1 dpms: 0
Sep 19 20:17:34.679315 cachyos-x8664 kernel: amdgpu 0000:c4:00.0: [drm:amdgpu_dm_atomic_commit_tail [amdgpu]] [HDCP_DM] connector->index: 1 connect_status: 1 dpms: 0
Sep 19 20:17:34.695654 cachyos-x8664 kernel: amdgpu 0000:c4:00.0: [drm:amdgpu_dm_atomic_commit_tail [amdgpu]] [HDCP_DM] connector->index: 1 connect_status: 1 dpms: 0
Sep 19 20:17:34.712302 cachyos-x8664 kernel: amdgpu 0000:c4:00.0: [drm:amdgpu_dm_atomic_commit_tail [amdgpu]] [HDCP_DM] connector->index: 1 connect_status: 1 dpms: 0
Sep 19 20:17:34.729298 cachyos-x8664 kernel: amdgpu 0000:c4:00.0: [drm:amdgpu_dm_atomic_commit_tail [amdgpu]] [HDCP_DM] connector->index: 1 connect_status: 1 dpms: 0
Sep 19 20:17:34.745761 cachyos-x8664 kernel: amdgpu 0000:c4:00.0: [drm:amdgpu_dm_atomic_commit_tail [amdgpu]] [HDCP_DM] connector->index: 1 connect_status: 1 dpms: 0
