Sep 19 19:22:32.271931 cachyos-x8664 kernel: amdgpu 0000:c4:00.0: [drm:amdgpu_dm_atomic_commit_tail [amdgpu]] [HDCP_DM] connector->index: 1 connect_status: 1 dpms: 0
Sep 19 19:22:32.299004 cachyos-x8664 kernel: amdgpu 0000:c4:00.0: [drm:amdgpu_dm_atomic_commit_tail [amdgpu]] [HDCP_DM] connector->index: 0 connect_status: 1 dpms: 0
Sep 19 19:22:32.304842 cachyos-x8664 kernel: amdgpu 0000:c4:00.0: [drm:amdgpu_dm_atomic_commit_tail [amdgpu]] [HDCP_DM] connector->index: 1 connect_status: 1 dpms: 0
Sep 19 19:22:32.339868 cachyos-x8664 kernel: amdgpu 0000:c4:00.0: [drm:amdgpu_dm_atomic_commit_tail [amdgpu]] [HDCP_DM] connector->index: 1 connect_status: 1 dpms: 0
Sep 19 19:22:32.340645 cachyos-x8664 kernel: amdgpu 0000:c4:00.0: [drm:dcn35_root_clock_control [amdgpu]] dccg35_set_hdmistreamclk_root_clock_gating: HDMISTREAMCLK0_ROOT_GATE_DISABLE = 1
Sep 19 19:22:32.369934 cachyos-x8664 kernel: amdgpu 0000:c4:00.0: [drm:amdgpu_dm_atomic_commit_tail [amdgpu]] [HDCP_DM] connector->index: 1 connect_status: 1 dpms: 0
Sep 19 19:22:32.386819 cachyos-x8664 kernel: amdgpu 0000:c4:00.0: [drm:amdgpu_dm_atomic_commit_tail [amdgpu]] [HDCP_DM] connector->index: 1 connect_status: 1 dpms: 0
Sep 19 19:22:32.403858 cachyos-x8664 kernel: amdgpu 0000:c4:00.0: [drm:amdgpu_dm_atomic_commit_tail [amdgpu]] [HDCP_DM] connector->index: 1 connect_status: 1 dpms: 0
Sep 19 19:22:32.420901 cachyos-x8664 kernel: amdgpu 0000:c4:00.0: [drm:amdgpu_dm_atomic_commit_tail [amdgpu]] [HDCP_DM] connector->index: 1 connect_status: 1 dpms: 0
Sep 19 19:22:32.437802 cachyos-x8664 kernel: amdgpu 0000:c4:00.0: [drm:amdgpu_dm_atomic_commit_tail [amdgpu]] [HDCP_DM] connector->index: 1 connect_status: 1 dpms: 0
Sep 19 19:22:32.453890 cachyos-x8664 kernel: amdgpu 0000:c4:00.0: [drm:amdgpu_dm_atomic_commit_tail [amdgpu]] [HDCP_DM] connector->index: 1 connect_status: 1 dpms: 0
Sep 19 19:22:32.470856 cachyos-x8664 kernel: amdgpu 0000:c4:00.0: [drm:amdgpu_dm_atomic_commit_tail [amdgpu]] [HDCP_DM] connector->index: 1 connect_status: 1 dpms: 0
Sep 19 19:22:32.487885 cachyos-x8664 kernel: amdgpu 0000:c4:00.0: [drm:amdgpu_dm_atomic_commit_tail [amdgpu]] [HDCP_DM] connector->index: 1 connect_status: 1 dpms: 0
Sep 19 19:22:32.504787 cachyos-x8664 kernel: amdgpu 0000:c4:00.0: [drm:amdgpu_dm_atomic_commit_tail [amdgpu]] [HDCP_DM] connector->index: 1 connect_status: 1 dpms: 0
Sep 19 19:22:32.538023 cachyos-x8664 kernel: amdgpu 0000:c4:00.0: [drm:amdgpu_dm_atomic_commit_tail [amdgpu]] [HDCP_DM] connector->index: 1 connect_status: 1 dpms: 0
Sep 19 19:22:32.554931 cachyos-x8664 kernel: amdgpu 0000:c4:00.0: [drm:amdgpu_dm_atomic_commit_tail [amdgpu]] [HDCP_DM] connector->index: 1 connect_status: 1 dpms: 0
Sep 19 19:22:32.605864 cachyos-x8664 kernel: amdgpu 0000:c4:00.0: [drm:link_set_dpms_off [amdgpu]] link_set_dpms_off pipe_ctx dispname=LG TV SSCR2 signal=100 link=1 sink_count=0
Sep 19 19:22:32.607661 cachyos-x8664 kernel: amdgpu 0000:c4:00.0: [drm:dccg35_set_hdmistreamclk [amdgpu]] dccg35_set_hdmistreamclk: OTG1 HDMISTREAMCLK_EN = 0, HDMISTREAMCLK_SRC_SEL = 1
Sep 19 19:22:32.609662 cachyos-x8664 kernel: amdgpu 0000:c4:00.0: [drm:hdmi_frl_LTS_clear_Link_Setting [amdgpu]] FRL LINK TRAINING: LTS:L - Clear FRL_Rate.
Sep 19 19:22:32.611714 cachyos-x8664 kernel: amdgpu 0000:c4:00.0: [drm:hpo_frl_link_enc3_disable [amdgpu]] Entering [hpo_frl_link_enc3_disable]
Sep 19 19:22:32.611894 cachyos-x8664 kernel: amdgpu 0000:c4:00.0: [drm:disable_hpo_frl_link_output.llvm.15947256968954834884 [amdgpu]] Exiting [hpo_frl_link_enc3_disable]
Sep 19 19:22:32.632669 cachyos-x8664 kernel: amdgpu 0000:c4:00.0: [drm:link_set_dpms_off [amdgpu]] link_set_dpms_off pipe_ctx dispname=TL134ADXP03 signal=80 link=0 sink_count=0
Sep 19 19:22:32.690164 cachyos-x8664 kernel: amdgpu 0000:c4:00.0: [drm:dcn35_optimize_bandwidth [amdgpu]] dccg35_set_hdmistreamclk_root_clock_gating: HDMISTREAMCLK0_ROOT_GATE_DISABLE = 0
Sep 19 19:22:32.691044 cachyos-x8664 kernel: amdgpu 0000:c4:00.0: [drm:amdgpu_dm_atomic_commit_tail [amdgpu]] [HDCP_DM] connector->index: 0 connect_status: 1 dpms: 3
Sep 19 19:22:32.691727 cachyos-x8664 kernel: amdgpu 0000:c4:00.0: [drm:amdgpu_dm_atomic_commit_tail [amdgpu]] [HDCP_DM] connector->index: 1 connect_status: 1 dpms: 3
Sep 19 19:22:32.692125 cachyos-x8664 kernel: amdgpu 0000:c4:00.0: [drm:dcn35_optimize_bandwidth [amdgpu]] dccg35_set_hdmistreamclk_root_clock_gating: HDMISTREAMCLK0_ROOT_GATE_DISABLE = 0
Sep 19 19:22:32.692191 cachyos-x8664 kernel: amdgpu 0000:c4:00.0: [drm:amdgpu_dm_atomic_commit_tail [amdgpu]] [HDCP_DM] connector->index: 2 connect_status: 2 dpms: 3
Sep 19 19:22:32.692393 cachyos-x8664 kernel: amdgpu 0000:c4:00.0: [drm:amdgpu_dm_atomic_commit_tail [amdgpu]] [HDCP_DM] connector->index: 3 connect_status: 2 dpms: 3
Sep 19 19:22:32.693020 cachyos-x8664 kernel: amdgpu 0000:c4:00.0: [drm:amdgpu_dm_atomic_commit_tail [amdgpu]] [HDCP_DM] connector->index: 4 connect_status: 2 dpms: 3
Sep 19 19:22:32.693433 cachyos-x8664 kernel: amdgpu 0000:c4:00.0: [drm:amdgpu_dm_atomic_commit_tail [amdgpu]] [HDCP_DM] connector->index: 5 connect_status: 2 dpms: 3
Sep 19 19:22:32.693720 cachyos-x8664 kernel: amdgpu 0000:c4:00.0: [drm:amdgpu_dm_atomic_commit_tail [amdgpu]] [HDCP_DM] connector->index: 6 connect_status: 2 dpms: 3
Sep 19 19:22:32.695099 cachyos-x8664 kernel: amdgpu 0000:c4:00.0: [drm:amdgpu_dm_atomic_commit_tail [amdgpu]] [HDCP_DM] connector->index: 7 connect_status: 2 dpms: 3
Sep 19 19:22:32.695508 cachyos-x8664 kernel: amdgpu 0000:c4:00.0: [drm:amdgpu_dm_atomic_commit_tail [amdgpu]] [HDCP_DM] connector->index: 8 connect_status: 2 dpms: 3
Sep 19 19:22:52.319063 cachyos-x8664 kernel: amdgpu 0000:c4:00.0: [drm:dcn35_root_clock_control [amdgpu]] dccg35_set_hdmistreamclk_root_clock_gating: HDMISTREAMCLK0_ROOT_GATE_DISABLE = 1
Sep 19 19:22:52.327729 cachyos-x8664 kernel: amdgpu 0000:c4:00.0: [drm:link_set_dpms_on [amdgpu]] link_set_dpms_on pipe_ctx dispname=TL134ADXP03 signal=80 link=0 sink_count=0
Sep 19 19:22:52.480660 cachyos-x8664 kernel: amdgpu 0000:c4:00.0: [drm:hpo_enc3_setup_hdmi_audio [amdgpu]] Entering [hpo_enc3_setup_hdmi_audio]
Sep 19 19:22:52.480857 cachyos-x8664 kernel: amdgpu 0000:c4:00.0: [drm:hpo_enc3_hdmi_audio_setup [amdgpu]] Exiting [hpo_enc3_setup_hdmi_audio]
Sep 19 19:22:52.496762 cachyos-x8664 kernel: amdgpu 0000:c4:00.0: [drm:link_set_dpms_on [amdgpu]] link_set_dpms_on pipe_ctx dispname=LG TV SSCR2 signal=100 link=1 sink_count=0
Sep 19 19:22:52.497035 cachyos-x8664 kernel: amdgpu 0000:c4:00.0: [drm:hpo_enc3_set_hdmi_stream_attribute [amdgpu]] Entering [hpo_enc3_set_hdmi_stream_attribute]
Sep 19 19:22:52.497192 cachyos-x8664 kernel: amdgpu 0000:c4:00.0: [drm:link_set_dpms_on [amdgpu]] Exiting [hpo_enc3_set_hdmi_stream_attribute]
Sep 19 19:22:52.497334 cachyos-x8664 kernel: amdgpu 0000:c4:00.0: [drm:link_set_dpms_on [amdgpu]] FRL LINK TRAINING:  LTS:P Start
Sep 19 19:22:52.499662 cachyos-x8664 kernel: amdgpu 0000:c4:00.0: [drm:hdmi_frl_perform_link_training [amdgpu]] FRL LINK TRAINING:  Starting FRL Link Training.
Sep 19 19:22:52.500661 cachyos-x8664 kernel: amdgpu 0000:c4:00.0: [drm:hdmi_frl_perform_link_training [amdgpu]] FRL LINK TRAINING:  Read Sink Version = 1.
Sep 19 19:22:52.501653 cachyos-x8664 kernel: amdgpu 0000:c4:00.0: [drm:hdmi_frl_perform_link_training [amdgpu]] FRL LINK TRAINING:  Set Source Version = 1.
Sep 19 19:22:52.501750 cachyos-x8664 kernel: amdgpu 0000:c4:00.0: [drm:hdmi_frl_perform_link_training [amdgpu]] FRL LINK TRAINING:  Poll for FLT_READY.
Sep 19 19:22:52.502658 cachyos-x8664 kernel: amdgpu 0000:c4:00.0: [drm:hdmi_frl_perform_link_training [amdgpu]] FRL LINK TRAINING:  Read FLT_READY = 1.  num_polls = 1
Sep 19 19:22:52.504770 cachyos-x8664 kernel: amdgpu 0000:c4:00.0: [drm:hdmi_frl_perform_link_training [amdgpu]] FRL TEST REQ:  FLT_no_timeout = 0 
Sep 19 19:22:52.504961 cachyos-x8664 kernel: amdgpu 0000:c4:00.0: [drm:hdmi_frl_perform_link_training [amdgpu]] FRL LINK TRAINING:  Write link rate = 3.  Max FFE_Levels = 0
Sep 19 19:22:52.505108 cachyos-x8664 kernel: amdgpu 0000:c4:00.0: [drm:hdmi_frl_perform_link_training [amdgpu]] FRL LINK TRAINING:  Poll for FLT_UPDATE.
Sep 19 19:22:52.505661 cachyos-x8664 kernel: amdgpu 0000:c4:00.0: [drm:hdmi_frl_perform_link_training [amdgpu]] FRL LINK TRAINING:  Read FLT_UPDATE = 0.  num_polls = 1
Sep 19 19:22:52.507668 cachyos-x8664 kernel: amdgpu 0000:c4:00.0: [drm:hdmi_frl_perform_link_training [amdgpu]] FRL LINK TRAINING:  Read FLT_UPDATE = 0.  num_polls = 2
Sep 19 19:22:52.510668 cachyos-x8664 kernel: amdgpu 0000:c4:00.0: [drm:hdmi_frl_perform_link_training [amdgpu]] FRL LINK TRAINING:  Read FLT_UPDATE = 0.  num_polls = 3
Sep 19 19:22:52.511661 cachyos-x8664 kernel: amdgpu 0000:c4:00.0: [drm:hdmi_frl_perform_link_training [amdgpu]] FRL LINK TRAINING:  Read FLT_UPDATE = 0.  num_polls = 4
Sep 19 19:22:52.513668 cachyos-x8664 kernel: amdgpu 0000:c4:00.0: [drm:hdmi_frl_perform_link_training [amdgpu]] FRL LINK TRAINING:  Read FLT_UPDATE = 0.  num_polls = 5
Sep 19 19:22:52.515667 cachyos-x8664 kernel: amdgpu 0000:c4:00.0: [drm:hdmi_frl_perform_link_training [amdgpu]] FRL LINK TRAINING:  Read FLT_UPDATE = 0.  num_polls = 6
Sep 19 19:22:52.517667 cachyos-x8664 kernel: amdgpu 0000:c4:00.0: [drm:hdmi_frl_perform_link_training [amdgpu]] FRL LINK TRAINING:  Read FLT_UPDATE = 0.  num_polls = 7
Sep 19 19:22:52.519667 cachyos-x8664 kernel: amdgpu 0000:c4:00.0: [drm:hdmi_frl_perform_link_training [amdgpu]] FRL LINK TRAINING:  Read FLT_UPDATE = 0.  num_polls = 8
Sep 19 19:22:52.521669 cachyos-x8664 kernel: amdgpu 0000:c4:00.0: [drm:hdmi_frl_perform_link_training [amdgpu]] FRL LINK TRAINING:  Read FLT_UPDATE = 0.  num_polls = 9
Sep 19 19:22:52.523668 cachyos-x8664 kernel: amdgpu 0000:c4:00.0: [drm:hdmi_frl_perform_link_training [amdgpu]] FRL LINK TRAINING:  Read FLT_UPDATE = 0.  num_polls = 10
Sep 19 19:22:52.525654 cachyos-x8664 kernel: amdgpu 0000:c4:00.0: [drm:hdmi_frl_perform_link_training [amdgpu]] FRL LINK TRAINING:  Read FLT_UPDATE = 1.  num_polls = 11
Sep 19 19:22:52.526738 cachyos-x8664 kernel: amdgpu 0000:c4:00.0: [drm:hdmi_frl_perform_link_training [amdgpu]] FRL LINK TRAINING:  Read LN0_LTP_REQ = 5.  LN1_LTP_REQ = 6
Sep 19 19:22:52.526931 cachyos-x8664 kernel: amdgpu 0000:c4:00.0: [drm:hdmi_frl_perform_link_training [amdgpu]] FRL LINK TRAINING:  Read LN2_LTP_REQ = 7.  LN3_LTP_REQ = 8
Sep 19 19:22:52.527083 cachyos-x8664 kernel: amdgpu 0000:c4:00.0: [drm:hdmi_frl_perform_link_training [amdgpu]] FRL LINK TRAINING:  Clear FLT_UPDATE flag.
Sep 19 19:22:52.527651 cachyos-x8664 kernel: amdgpu 0000:c4:00.0: [drm:hdmi_frl_perform_link_training [amdgpu]] FRL LINK TRAINING:  Setting Training Pattern [ln0,ln1,ln2,ln3] = [5,6,7,8].
Sep 19 19:22:52.528667 cachyos-x8664 kernel: amdgpu 0000:c4:00.0: [drm:hdmi_frl_perform_link_training [amdgpu]] FRL LINK TRAINING:  Read FLT_UPDATE = 0.  num_polls = 12
Sep 19 19:22:52.530667 cachyos-x8664 kernel: amdgpu 0000:c4:00.0: [drm:hdmi_frl_perform_link_training [amdgpu]] FRL LINK TRAINING:  Read FLT_UPDATE = 0.  num_polls = 13
Sep 19 19:22:52.532668 cachyos-x8664 kernel: amdgpu 0000:c4:00.0: [drm:hdmi_frl_perform_link_training [amdgpu]] FRL LINK TRAINING:  Read FLT_UPDATE = 0.  num_polls = 14
Sep 19 19:22:52.534667 cachyos-x8664 kernel: amdgpu 0000:c4:00.0: [drm:hdmi_frl_perform_link_training [amdgpu]] FRL LINK TRAINING:  Read FLT_UPDATE = 0.  num_polls = 15
Sep 19 19:22:52.536668 cachyos-x8664 kernel: amdgpu 0000:c4:00.0: [drm:hdmi_frl_perform_link_training [amdgpu]] FRL LINK TRAINING:  Read FLT_UPDATE = 0.  num_polls = 16
Sep 19 19:22:52.538667 cachyos-x8664 kernel: amdgpu 0000:c4:00.0: [drm:hdmi_frl_perform_link_training [amdgpu]] FRL LINK TRAINING:  Read FLT_UPDATE = 0.  num_polls = 17
Sep 19 19:22:52.540668 cachyos-x8664 kernel: amdgpu 0000:c4:00.0: [drm:hdmi_frl_perform_link_training [amdgpu]] FRL LINK TRAINING:  Read FLT_UPDATE = 0.  num_polls = 18
Sep 19 19:22:52.542659 cachyos-x8664 kernel: amdgpu 0000:c4:00.0: [drm:hdmi_frl_perform_link_training [amdgpu]] FRL LINK TRAINING:  Read FLT_UPDATE = 0.  num_polls = 19
Sep 19 19:22:52.544661 cachyos-x8664 kernel: amdgpu 0000:c4:00.0: [drm:hdmi_frl_perform_link_training [amdgpu]] FRL LINK TRAINING:  Read FLT_UPDATE = 0.  num_polls = 20
Sep 19 19:22:52.546660 cachyos-x8664 kernel: amdgpu 0000:c4:00.0: [drm:hdmi_frl_perform_link_training [amdgpu]] FRL LINK TRAINING:  Read FLT_UPDATE = 0.  num_polls = 21
Sep 19 19:22:52.548667 cachyos-x8664 kernel: amdgpu 0000:c4:00.0: [drm:hdmi_frl_perform_link_training [amdgpu]] FRL LINK TRAINING:  Read FLT_UPDATE = 0.  num_polls = 22
Sep 19 19:22:52.550657 cachyos-x8664 kernel: amdgpu 0000:c4:00.0: [drm:hdmi_frl_perform_link_training [amdgpu]] FRL LINK TRAINING:  Read FLT_UPDATE = 0.  num_polls = 23
Sep 19 19:22:52.552667 cachyos-x8664 kernel: amdgpu 0000:c4:00.0: [drm:hdmi_frl_perform_link_training [amdgpu]] FRL LINK TRAINING:  Read FLT_UPDATE = 0.  num_polls = 24
Sep 19 19:22:52.554668 cachyos-x8664 kernel: amdgpu 0000:c4:00.0: [drm:hdmi_frl_perform_link_training [amdgpu]] FRL LINK TRAINING:  Read FLT_UPDATE = 0.  num_polls = 25
Sep 19 19:22:52.556713 cachyos-x8664 kernel: amdgpu 0000:c4:00.0: [drm:hdmi_frl_perform_link_training [amdgpu]] FRL LINK TRAINING:  Read FLT_UPDATE = 0.  num_polls = 26
Sep 19 19:22:52.558658 cachyos-x8664 kernel: amdgpu 0000:c4:00.0: [drm:hdmi_frl_perform_link_training [amdgpu]] FRL LINK TRAINING:  Read FLT_UPDATE = 0.  num_polls = 27
Sep 19 19:22:52.560667 cachyos-x8664 kernel: amdgpu 0000:c4:00.0: [drm:hdmi_frl_perform_link_training [amdgpu]] FRL LINK TRAINING:  Read FLT_UPDATE = 0.  num_polls = 28
Sep 19 19:22:52.562668 cachyos-x8664 kernel: amdgpu 0000:c4:00.0: [drm:hdmi_frl_perform_link_training [amdgpu]] FRL LINK TRAINING:  Read FLT_UPDATE = 0.  num_polls = 29
Sep 19 19:22:52.564667 cachyos-x8664 kernel: amdgpu 0000:c4:00.0: [drm:hdmi_frl_perform_link_training [amdgpu]] FRL LINK TRAINING:  Read FLT_UPDATE = 0.  num_polls = 30
Sep 19 19:22:52.566668 cachyos-x8664 kernel: amdgpu 0000:c4:00.0: [drm:hdmi_frl_perform_link_training [amdgpu]] FRL LINK TRAINING:  Read FLT_UPDATE = 0.  num_polls = 31
Sep 19 19:22:52.568668 cachyos-x8664 kernel: amdgpu 0000:c4:00.0: [drm:hdmi_frl_perform_link_training [amdgpu]] FRL LINK TRAINING:  Read FLT_UPDATE = 0.  num_polls = 32
Sep 19 19:22:52.570667 cachyos-x8664 kernel: amdgpu 0000:c4:00.0: [drm:hdmi_frl_perform_link_training [amdgpu]] FRL LINK TRAINING:  Read FLT_UPDATE = 0.  num_polls = 33
Sep 19 19:22:52.572668 cachyos-x8664 kernel: amdgpu 0000:c4:00.0: [drm:hdmi_frl_perform_link_training [amdgpu]] FRL LINK TRAINING:  Read FLT_UPDATE = 0.  num_polls = 34
Sep 19 19:22:52.574669 cachyos-x8664 kernel: amdgpu 0000:c4:00.0: [drm:hdmi_frl_perform_link_training [amdgpu]] FRL LINK TRAINING:  Read FLT_UPDATE = 0.  num_polls = 35
Sep 19 19:22:52.576661 cachyos-x8664 kernel: amdgpu 0000:c4:00.0: [drm:hdmi_frl_perform_link_training [amdgpu]] FRL LINK TRAINING:  Read FLT_UPDATE = 0.  num_polls = 36
Sep 19 19:22:52.578655 cachyos-x8664 kernel: amdgpu 0000:c4:00.0: [drm:hdmi_frl_perform_link_training [amdgpu]] FRL LINK TRAINING:  Read FLT_UPDATE = 0.  num_polls = 37
Sep 19 19:22:52.580669 cachyos-x8664 kernel: amdgpu 0000:c4:00.0: [drm:hdmi_frl_perform_link_training [amdgpu]] FRL LINK TRAINING:  Read FLT_UPDATE = 0.  num_polls = 38
Sep 19 19:22:52.582668 cachyos-x8664 kernel: amdgpu 0000:c4:00.0: [drm:hdmi_frl_perform_link_training [amdgpu]] FRL LINK TRAINING:  Read FLT_UPDATE = 0.  num_polls = 39
Sep 19 19:22:52.584658 cachyos-x8664 kernel: amdgpu 0000:c4:00.0: [drm:hdmi_frl_perform_link_training [amdgpu]] FRL LINK TRAINING:  Read FLT_UPDATE = 0.  num_polls = 40
Sep 19 19:22:52.586657 cachyos-x8664 kernel: amdgpu 0000:c4:00.0: [drm:hdmi_frl_perform_link_training [amdgpu]] FRL LINK TRAINING:  Read FLT_UPDATE = 0.  num_polls = 41
Sep 19 19:22:52.588667 cachyos-x8664 kernel: amdgpu 0000:c4:00.0: [drm:hdmi_frl_perform_link_training [amdgpu]] FRL LINK TRAINING:  Read FLT_UPDATE = 0.  num_polls = 42
Sep 19 19:22:52.590668 cachyos-x8664 kernel: amdgpu 0000:c4:00.0: [drm:hdmi_frl_perform_link_training [amdgpu]] FRL LINK TRAINING:  Read FLT_UPDATE = 0.  num_polls = 43
Sep 19 19:22:52.592667 cachyos-x8664 kernel: amdgpu 0000:c4:00.0: [drm:hdmi_frl_perform_link_training [amdgpu]] FRL LINK TRAINING:  Read FLT_UPDATE = 0.  num_polls = 44
Sep 19 19:22:52.594668 cachyos-x8664 kernel: amdgpu 0000:c4:00.0: [drm:hdmi_frl_perform_link_training [amdgpu]] FRL LINK TRAINING:  Read FLT_UPDATE = 0.  num_polls = 45
Sep 19 19:22:52.596667 cachyos-x8664 kernel: amdgpu 0000:c4:00.0: [drm:hdmi_frl_perform_link_training [amdgpu]] FRL LINK TRAINING:  Read FLT_UPDATE = 0.  num_polls = 46
Sep 19 19:22:52.598667 cachyos-x8664 kernel: amdgpu 0000:c4:00.0: [drm:hdmi_frl_perform_link_training [amdgpu]] FRL LINK TRAINING:  Read FLT_UPDATE = 0.  num_polls = 47
Sep 19 19:22:52.600658 cachyos-x8664 kernel: amdgpu 0000:c4:00.0: [drm:hdmi_frl_perform_link_training [amdgpu]] FRL LINK TRAINING:  Read FLT_UPDATE = 0.  num_polls = 48
Sep 19 19:22:52.602668 cachyos-x8664 kernel: amdgpu 0000:c4:00.0: [drm:hdmi_frl_perform_link_training [amdgpu]] FRL LINK TRAINING:  Read FLT_UPDATE = 0.  num_polls = 49
Sep 19 19:22:52.604667 cachyos-x8664 kernel: amdgpu 0000:c4:00.0: [drm:hdmi_frl_perform_link_training [amdgpu]] FRL LINK TRAINING:  Read FLT_UPDATE = 0.  num_polls = 50
Sep 19 19:22:52.606667 cachyos-x8664 kernel: amdgpu 0000:c4:00.0: [drm:hdmi_frl_perform_link_training [amdgpu]] FRL LINK TRAINING:  Read FLT_UPDATE = 0.  num_polls = 51
Sep 19 19:22:52.608667 cachyos-x8664 kernel: amdgpu 0000:c4:00.0: [drm:hdmi_frl_perform_link_training [amdgpu]] FRL LINK TRAINING:  Read FLT_UPDATE = 0.  num_polls = 52
Sep 19 19:22:52.610667 cachyos-x8664 kernel: amdgpu 0000:c4:00.0: [drm:hdmi_frl_perform_link_training [amdgpu]] FRL LINK TRAINING:  Read FLT_UPDATE = 0.  num_polls = 53
Sep 19 19:22:52.612667 cachyos-x8664 kernel: amdgpu 0000:c4:00.0: [drm:hdmi_frl_perform_link_training [amdgpu]] FRL LINK TRAINING:  Read FLT_UPDATE = 0.  num_polls = 54
Sep 19 19:22:52.614667 cachyos-x8664 kernel: amdgpu 0000:c4:00.0: [drm:hdmi_frl_perform_link_training [amdgpu]] FRL LINK TRAINING:  Read FLT_UPDATE = 0.  num_polls = 55
Sep 19 19:22:52.616667 cachyos-x8664 kernel: amdgpu 0000:c4:00.0: [drm:hdmi_frl_perform_link_training [amdgpu]] FRL LINK TRAINING:  Read FLT_UPDATE = 0.  num_polls = 56
Sep 19 19:22:52.618668 cachyos-x8664 kernel: amdgpu 0000:c4:00.0: [drm:hdmi_frl_perform_link_training [amdgpu]] FRL LINK TRAINING:  Read FLT_UPDATE = 0.  num_polls = 57
Sep 19 19:22:52.620668 cachyos-x8664 kernel: amdgpu 0000:c4:00.0: [drm:hdmi_frl_perform_link_training [amdgpu]] FRL LINK TRAINING:  Read FLT_UPDATE = 0.  num_polls = 58
Sep 19 19:22:52.622667 cachyos-x8664 kernel: amdgpu 0000:c4:00.0: [drm:hdmi_frl_perform_link_training [amdgpu]] FRL LINK TRAINING:  Read FLT_UPDATE = 0.  num_polls = 59
Sep 19 19:22:52.624669 cachyos-x8664 kernel: amdgpu 0000:c4:00.0: [drm:hdmi_frl_perform_link_training [amdgpu]] FRL LINK TRAINING:  Read FLT_UPDATE = 0.  num_polls = 60
Sep 19 19:22:52.626668 cachyos-x8664 kernel: amdgpu 0000:c4:00.0: [drm:hdmi_frl_perform_link_training [amdgpu]] FRL LINK TRAINING:  Read FLT_UPDATE = 0.  num_polls = 61
Sep 19 19:22:52.628669 cachyos-x8664 kernel: amdgpu 0000:c4:00.0: [drm:hdmi_frl_perform_link_training [amdgpu]] FRL LINK TRAINING:  Read FLT_UPDATE = 0.  num_polls = 62
Sep 19 19:22:52.630668 cachyos-x8664 kernel: amdgpu 0000:c4:00.0: [drm:hdmi_frl_perform_link_training [amdgpu]] FRL LINK TRAINING:  Read FLT_UPDATE = 0.  num_polls = 63
Sep 19 19:22:52.632668 cachyos-x8664 kernel: amdgpu 0000:c4:00.0: [drm:hdmi_frl_perform_link_training [amdgpu]] FRL LINK TRAINING:  Read FLT_UPDATE = 0.  num_polls = 64
Sep 19 19:22:52.634668 cachyos-x8664 kernel: amdgpu 0000:c4:00.0: [drm:hdmi_frl_perform_link_training [amdgpu]] FRL LINK TRAINING:  Read FLT_UPDATE = 0.  num_polls = 65
Sep 19 19:22:52.636668 cachyos-x8664 kernel: amdgpu 0000:c4:00.0: [drm:hdmi_frl_perform_link_training [amdgpu]] FRL LINK TRAINING:  Read FLT_UPDATE = 0.  num_polls = 66
Sep 19 19:22:52.638668 cachyos-x8664 kernel: amdgpu 0000:c4:00.0: [drm:hdmi_frl_perform_link_training [amdgpu]] FRL LINK TRAINING:  Read FLT_UPDATE = 0.  num_polls = 67
Sep 19 19:22:52.640668 cachyos-x8664 kernel: amdgpu 0000:c4:00.0: [drm:hdmi_frl_perform_link_training [amdgpu]] FRL LINK TRAINING:  Read FLT_UPDATE = 0.  num_polls = 68
Sep 19 19:22:52.642668 cachyos-x8664 kernel: amdgpu 0000:c4:00.0: [drm:hdmi_frl_perform_link_training [amdgpu]] FRL LINK TRAINING:  Read FLT_UPDATE = 0.  num_polls = 69
Sep 19 19:22:52.644668 cachyos-x8664 kernel: amdgpu 0000:c4:00.0: [drm:hdmi_frl_perform_link_training [amdgpu]] FRL LINK TRAINING:  Read FLT_UPDATE = 0.  num_polls = 70
Sep 19 19:22:52.646668 cachyos-x8664 kernel: amdgpu 0000:c4:00.0: [drm:hdmi_frl_perform_link_training [amdgpu]] FRL LINK TRAINING:  Read FLT_UPDATE = 0.  num_polls = 71
Sep 19 19:22:52.648668 cachyos-x8664 kernel: amdgpu 0000:c4:00.0: [drm:hdmi_frl_perform_link_training [amdgpu]] FRL LINK TRAINING:  Read FLT_UPDATE = 0.  num_polls = 72
Sep 19 19:22:52.650668 cachyos-x8664 kernel: amdgpu 0000:c4:00.0: [drm:hdmi_frl_perform_link_training [amdgpu]] FRL LINK TRAINING:  Read FLT_UPDATE = 0.  num_polls = 73
Sep 19 19:22:52.652668 cachyos-x8664 kernel: amdgpu 0000:c4:00.0: [drm:hdmi_frl_perform_link_training [amdgpu]] FRL LINK TRAINING:  Read FLT_UPDATE = 0.  num_polls = 74
Sep 19 19:22:52.654668 cachyos-x8664 kernel: amdgpu 0000:c4:00.0: [drm:hdmi_frl_perform_link_training [amdgpu]] FRL LINK TRAINING:  Read FLT_UPDATE = 0.  num_polls = 75
Sep 19 19:22:52.656668 cachyos-x8664 kernel: amdgpu 0000:c4:00.0: [drm:hdmi_frl_perform_link_training [amdgpu]] FRL LINK TRAINING:  Read FLT_UPDATE = 0.  num_polls = 76
Sep 19 19:22:52.658669 cachyos-x8664 kernel: amdgpu 0000:c4:00.0: [drm:hdmi_frl_perform_link_training [amdgpu]] FRL LINK TRAINING:  Read FLT_UPDATE = 0.  num_polls = 77
Sep 19 19:22:52.660668 cachyos-x8664 kernel: amdgpu 0000:c4:00.0: [drm:hdmi_frl_perform_link_training [amdgpu]] FRL LINK TRAINING:  Read FLT_UPDATE = 0.  num_polls = 78
Sep 19 19:22:52.662659 cachyos-x8664 kernel: amdgpu 0000:c4:00.0: [drm:hdmi_frl_perform_link_training [amdgpu]] FRL LINK TRAINING:  Read FLT_UPDATE = 0.  num_polls = 79
Sep 19 19:22:52.664661 cachyos-x8664 kernel: amdgpu 0000:c4:00.0: [drm:hdmi_frl_perform_link_training [amdgpu]] FRL LINK TRAINING:  Read FLT_UPDATE = 0.  num_polls = 80
Sep 19 19:22:52.666660 cachyos-x8664 kernel: amdgpu 0000:c4:00.0: [drm:hdmi_frl_perform_link_training [amdgpu]] FRL LINK TRAINING:  Read FLT_UPDATE = 0.  num_polls = 81
Sep 19 19:22:52.668661 cachyos-x8664 kernel: amdgpu 0000:c4:00.0: [drm:hdmi_frl_perform_link_training [amdgpu]] FRL LINK TRAINING:  Read FLT_UPDATE = 0.  num_polls = 82
Sep 19 19:22:52.670668 cachyos-x8664 kernel: amdgpu 0000:c4:00.0: [drm:hdmi_frl_perform_link_training [amdgpu]] FRL LINK TRAINING:  Read FLT_UPDATE = 0.  num_polls = 83
Sep 19 19:22:52.672668 cachyos-x8664 kernel: amdgpu 0000:c4:00.0: [drm:hdmi_frl_perform_link_training [amdgpu]] FRL LINK TRAINING:  Read FLT_UPDATE = 0.  num_polls = 84
Sep 19 19:22:52.674669 cachyos-x8664 kernel: amdgpu 0000:c4:00.0: [drm:hdmi_frl_perform_link_training [amdgpu]] FRL LINK TRAINING:  Read FLT_UPDATE = 0.  num_polls = 85
Sep 19 19:22:52.676668 cachyos-x8664 kernel: amdgpu 0000:c4:00.0: [drm:hdmi_frl_perform_link_training [amdgpu]] FRL LINK TRAINING:  Read FLT_UPDATE = 0.  num_polls = 86
Sep 19 19:22:52.678668 cachyos-x8664 kernel: amdgpu 0000:c4:00.0: [drm:hdmi_frl_perform_link_training [amdgpu]] FRL LINK TRAINING:  Read FLT_UPDATE = 0.  num_polls = 87
Sep 19 19:22:52.680668 cachyos-x8664 kernel: amdgpu 0000:c4:00.0: [drm:hdmi_frl_perform_link_training [amdgpu]] FRL LINK TRAINING:  Read FLT_UPDATE = 0.  num_polls = 88
Sep 19 19:22:52.682668 cachyos-x8664 kernel: amdgpu 0000:c4:00.0: [drm:hdmi_frl_perform_link_training [amdgpu]] FRL LINK TRAINING:  Read FLT_UPDATE = 0.  num_polls = 89
Sep 19 19:22:52.684668 cachyos-x8664 kernel: amdgpu 0000:c4:00.0: [drm:hdmi_frl_perform_link_training [amdgpu]] FRL LINK TRAINING:  Read FLT_UPDATE = 0.  num_polls = 90
Sep 19 19:22:52.686668 cachyos-x8664 kernel: amdgpu 0000:c4:00.0: [drm:hdmi_frl_perform_link_training [amdgpu]] FRL LINK TRAINING:  Read FLT_UPDATE = 0.  num_polls = 91
Sep 19 19:22:52.688668 cachyos-x8664 kernel: amdgpu 0000:c4:00.0: [drm:hdmi_frl_perform_link_training [amdgpu]] FRL LINK TRAINING:  Read FLT_UPDATE = 0.  num_polls = 92
Sep 19 19:22:52.690669 cachyos-x8664 kernel: amdgpu 0000:c4:00.0: [drm:hdmi_frl_perform_link_training [amdgpu]] FRL LINK TRAINING:  Read FLT_UPDATE = 0.  num_polls = 93
Sep 19 19:22:52.692670 cachyos-x8664 kernel: amdgpu 0000:c4:00.0: [drm:hdmi_frl_perform_link_training [amdgpu]] FRL LINK TRAINING:  Read FLT_UPDATE = 0.  num_polls = 94
Sep 19 19:22:52.694668 cachyos-x8664 kernel: amdgpu 0000:c4:00.0: [drm:hdmi_frl_perform_link_training [amdgpu]] FRL LINK TRAINING:  Read FLT_UPDATE = 0.  num_polls = 95
Sep 19 19:22:52.696668 cachyos-x8664 kernel: amdgpu 0000:c4:00.0: [drm:hdmi_frl_perform_link_training [amdgpu]] FRL LINK TRAINING:  Read FLT_UPDATE = 0.  num_polls = 96
Sep 19 19:22:52.698668 cachyos-x8664 kernel: amdgpu 0000:c4:00.0: [drm:hdmi_frl_perform_link_training [amdgpu]] FRL LINK TRAINING:  Read FLT_UPDATE = 0.  num_polls = 97
Sep 19 19:22:52.700658 cachyos-x8664 kernel: amdgpu 0000:c4:00.0: [drm:hdmi_frl_perform_link_training [amdgpu]] FRL LINK TRAINING:  Read FLT_UPDATE = 0.  num_polls = 98
Sep 19 19:22:52.702668 cachyos-x8664 kernel: amdgpu 0000:c4:00.0: [drm:hdmi_frl_perform_link_training [amdgpu]] FRL LINK TRAINING:  Read FLT_UPDATE = 0.  num_polls = 99
Sep 19 19:22:52.704661 cachyos-x8664 kernel: amdgpu 0000:c4:00.0: [drm:hdmi_frl_perform_link_training [amdgpu]] FRL LINK TRAINING:  Read FLT_UPDATE = 1.  num_polls = 100
Sep 19 19:22:52.705753 cachyos-x8664 kernel: amdgpu 0000:c4:00.0: [drm:hdmi_frl_perform_link_training [amdgpu]] FRL LINK TRAINING:  Read LN0_LTP_REQ = 0.  LN1_LTP_REQ = 0
Sep 19 19:22:52.705946 cachyos-x8664 kernel: amdgpu 0000:c4:00.0: [drm:hdmi_frl_perform_link_training [amdgpu]] FRL LINK TRAINING:  Read LN2_LTP_REQ = 0.  LN3_LTP_REQ = 0
Sep 19 19:22:52.706092 cachyos-x8664 kernel: amdgpu 0000:c4:00.0: [drm:hdmi_frl_perform_link_training [amdgpu]] FRL LINK TRAINING:  Clear FLT_UPDATE flag.
Sep 19 19:22:52.706771 cachyos-x8664 kernel: amdgpu 0000:c4:00.0: [drm:hdmi_frl_perform_link_training [amdgpu]] FRL LINK TRAINING:  PASSED
Sep 19 19:22:52.706872 cachyos-x8664 kernel: amdgpu 0000:c4:00.0: [drm:hdmi_frl_perform_link_training_with_retries [amdgpu]] FRL LINK TRAINING: Retry count = 1 out of 3
Sep 19 19:22:52.707752 cachyos-x8664 kernel: amdgpu 0000:c4:00.0: [drm:hpo_frl_link_enc3_enable_output [amdgpu]] Entering [hpo_frl_link_enc3_enable_output]
Sep 19 19:22:52.707828 cachyos-x8664 kernel: amdgpu 0000:c4:00.0: [drm:link_set_dpms_on [amdgpu]] Exiting [hpo_frl_link_enc3_enable_output]
Sep 19 19:22:52.711659 cachyos-x8664 kernel: amdgpu 0000:c4:00.0: [drm:hdmi_frl_poll_start [amdgpu]] FRL LINK TRAINING:  Read FRL_START = 0, FLT_UPDATE = 0.  num_polls = 100
Sep 19 19:22:52.714659 cachyos-x8664 kernel: amdgpu 0000:c4:00.0: [drm:hdmi_frl_poll_start [amdgpu]] FRL LINK TRAINING:  Read FRL_START = 0, FLT_UPDATE = 0.  num_polls = 99
Sep 19 19:22:52.716669 cachyos-x8664 kernel: amdgpu 0000:c4:00.0: [drm:hdmi_frl_poll_start [amdgpu]] FRL LINK TRAINING:  Read FRL_START = 0, FLT_UPDATE = 0.  num_polls = 98
Sep 19 19:22:52.719669 cachyos-x8664 kernel: amdgpu 0000:c4:00.0: [drm:hdmi_frl_poll_start [amdgpu]] FRL LINK TRAINING:  Read FRL_START = 0, FLT_UPDATE = 0.  num_polls = 97
Sep 19 19:22:52.722659 cachyos-x8664 kernel: amdgpu 0000:c4:00.0: [drm:hdmi_frl_poll_start [amdgpu]] FRL LINK TRAINING:  Read FRL_START = 0, FLT_UPDATE = 0.  num_polls = 96
Sep 19 19:22:52.725670 cachyos-x8664 kernel: amdgpu 0000:c4:00.0: [drm:hdmi_frl_poll_start [amdgpu]] FRL LINK TRAINING:  Read FRL_START = 0, FLT_UPDATE = 0.  num_polls = 95
Sep 19 19:22:52.728659 cachyos-x8664 kernel: amdgpu 0000:c4:00.0: [drm:hdmi_frl_poll_start [amdgpu]] FRL LINK TRAINING:  Read FRL_START = 0, FLT_UPDATE = 0.  num_polls = 94
Sep 19 19:22:52.731658 cachyos-x8664 kernel: amdgpu 0000:c4:00.0: [drm:hdmi_frl_poll_start [amdgpu]] FRL LINK TRAINING:  Read FRL_START = 0, FLT_UPDATE = 0.  num_polls = 93
Sep 19 19:22:52.734659 cachyos-x8664 kernel: amdgpu 0000:c4:00.0: [drm:hdmi_frl_poll_start [amdgpu]] FRL LINK TRAINING:  Read FRL_START = 0, FLT_UPDATE = 0.  num_polls = 92
Sep 19 19:22:52.737658 cachyos-x8664 kernel: amdgpu 0000:c4:00.0: [drm:hdmi_frl_poll_start [amdgpu]] FRL LINK TRAINING:  Read FRL_START = 0, FLT_UPDATE = 0.  num_polls = 91
Sep 19 19:22:52.740658 cachyos-x8664 kernel: amdgpu 0000:c4:00.0: [drm:hdmi_frl_poll_start [amdgpu]] FRL LINK TRAINING:  Read FRL_START = 0, FLT_UPDATE = 0.  num_polls = 90
Sep 19 19:22:52.743658 cachyos-x8664 kernel: amdgpu 0000:c4:00.0: [drm:hdmi_frl_poll_start [amdgpu]] FRL LINK TRAINING:  Read FRL_START = 0, FLT_UPDATE = 0.  num_polls = 89
Sep 19 19:22:52.746658 cachyos-x8664 kernel: amdgpu 0000:c4:00.0: [drm:hdmi_frl_poll_start [amdgpu]] FRL LINK TRAINING:  Read FRL_START = 0, FLT_UPDATE = 0.  num_polls = 88
Sep 19 19:22:52.749659 cachyos-x8664 kernel: amdgpu 0000:c4:00.0: [drm:hdmi_frl_poll_start [amdgpu]] FRL LINK TRAINING:  Read FRL_START = 0, FLT_UPDATE = 0.  num_polls = 87
Sep 19 19:22:52.751659 cachyos-x8664 kernel: amdgpu 0000:c4:00.0: [drm:hdmi_frl_poll_start [amdgpu]] FRL LINK TRAINING:  Read FRL_START = 0, FLT_UPDATE = 0.  num_polls = 86
Sep 19 19:22:52.754658 cachyos-x8664 kernel: amdgpu 0000:c4:00.0: [drm:hdmi_frl_poll_start [amdgpu]] FRL LINK TRAINING:  Read FRL_START = 0, FLT_UPDATE = 0.  num_polls = 85
Sep 19 19:22:52.757659 cachyos-x8664 kernel: amdgpu 0000:c4:00.0: [drm:hdmi_frl_poll_start [amdgpu]] FRL LINK TRAINING:  Read FRL_START = 0, FLT_UPDATE = 0.  num_polls = 84
Sep 19 19:22:52.760659 cachyos-x8664 kernel: amdgpu 0000:c4:00.0: [drm:hdmi_frl_poll_start [amdgpu]] FRL LINK TRAINING:  Read FRL_START = 0, FLT_UPDATE = 0.  num_polls = 83
Sep 19 19:22:52.763658 cachyos-x8664 kernel: amdgpu 0000:c4:00.0: [drm:hdmi_frl_poll_start [amdgpu]] FRL LINK TRAINING:  Read FRL_START = 0, FLT_UPDATE = 0.  num_polls = 82
Sep 19 19:22:52.766675 cachyos-x8664 kernel: amdgpu 0000:c4:00.0: [drm:hdmi_frl_poll_start [amdgpu]] FRL LINK TRAINING:  Read FRL_START = 0, FLT_UPDATE = 0.  num_polls = 81
Sep 19 19:22:52.769662 cachyos-x8664 kernel: amdgpu 0000:c4:00.0: [drm:hdmi_frl_poll_start [amdgpu]] FRL LINK TRAINING:  Read FRL_START = 0, FLT_UPDATE = 0.  num_polls = 80
Sep 19 19:22:52.772666 cachyos-x8664 kernel: amdgpu 0000:c4:00.0: [drm:hdmi_frl_poll_start [amdgpu]] FRL LINK TRAINING:  Read FRL_START = 0, FLT_UPDATE = 0.  num_polls = 79
Sep 19 19:22:52.775659 cachyos-x8664 kernel: amdgpu 0000:c4:00.0: [drm:hdmi_frl_poll_start [amdgpu]] FRL LINK TRAINING:  Read FRL_START = 0, FLT_UPDATE = 0.  num_polls = 78
Sep 19 19:22:52.778658 cachyos-x8664 kernel: amdgpu 0000:c4:00.0: [drm:hdmi_frl_poll_start [amdgpu]] FRL LINK TRAINING:  Read FRL_START = 0, FLT_UPDATE = 0.  num_polls = 77
Sep 19 19:22:52.781658 cachyos-x8664 kernel: amdgpu 0000:c4:00.0: [drm:hdmi_frl_poll_start [amdgpu]] FRL LINK TRAINING:  Read FRL_START = 0, FLT_UPDATE = 0.  num_polls = 76
Sep 19 19:22:52.784658 cachyos-x8664 kernel: amdgpu 0000:c4:00.0: [drm:hdmi_frl_poll_start [amdgpu]] FRL LINK TRAINING:  Read FRL_START = 0, FLT_UPDATE = 0.  num_polls = 75
Sep 19 19:22:52.787658 cachyos-x8664 kernel: amdgpu 0000:c4:00.0: [drm:hdmi_frl_poll_start [amdgpu]] FRL LINK TRAINING:  Read FRL_START = 0, FLT_UPDATE = 0.  num_polls = 74
Sep 19 19:22:52.790658 cachyos-x8664 kernel: amdgpu 0000:c4:00.0: [drm:hdmi_frl_poll_start [amdgpu]] FRL LINK TRAINING:  Read FRL_START = 0, FLT_UPDATE = 0.  num_polls = 73
Sep 19 19:22:52.793667 cachyos-x8664 kernel: amdgpu 0000:c4:00.0: [drm:hdmi_frl_poll_start [amdgpu]] FRL LINK TRAINING:  Read FRL_START = 0, FLT_UPDATE = 0.  num_polls = 72
Sep 19 19:22:52.795668 cachyos-x8664 kernel: amdgpu 0000:c4:00.0: [drm:hdmi_frl_poll_start [amdgpu]] FRL LINK TRAINING:  Read FRL_START = 0, FLT_UPDATE = 0.  num_polls = 71
Sep 19 19:22:52.798658 cachyos-x8664 kernel: amdgpu 0000:c4:00.0: [drm:hdmi_frl_poll_start [amdgpu]] FRL LINK TRAINING:  Read FRL_START = 0, FLT_UPDATE = 0.  num_polls = 70
Sep 19 19:22:52.801665 cachyos-x8664 kernel: amdgpu 0000:c4:00.0: [drm:hdmi_frl_poll_start [amdgpu]] FRL LINK TRAINING:  Read FRL_START = 0, FLT_UPDATE = 0.  num_polls = 69
Sep 19 19:22:52.804658 cachyos-x8664 kernel: amdgpu 0000:c4:00.0: [drm:hdmi_frl_poll_start [amdgpu]] FRL LINK TRAINING:  Read FRL_START = 0, FLT_UPDATE = 0.  num_polls = 68
Sep 19 19:22:52.807687 cachyos-x8664 kernel: amdgpu 0000:c4:00.0: [drm:hdmi_frl_poll_start [amdgpu]] FRL LINK TRAINING:  Read FRL_START = 0, FLT_UPDATE = 0.  num_polls = 67
Sep 19 19:22:52.810658 cachyos-x8664 kernel: amdgpu 0000:c4:00.0: [drm:hdmi_frl_poll_start [amdgpu]] FRL LINK TRAINING:  Read FRL_START = 0, FLT_UPDATE = 0.  num_polls = 66
Sep 19 19:22:52.813658 cachyos-x8664 kernel: amdgpu 0000:c4:00.0: [drm:hdmi_frl_poll_start [amdgpu]] FRL LINK TRAINING:  Read FRL_START = 0, FLT_UPDATE = 0.  num_polls = 65
Sep 19 19:22:52.816658 cachyos-x8664 kernel: amdgpu 0000:c4:00.0: [drm:hdmi_frl_poll_start [amdgpu]] FRL LINK TRAINING:  Read FRL_START = 0, FLT_UPDATE = 0.  num_polls = 64
Sep 19 19:22:52.819658 cachyos-x8664 kernel: amdgpu 0000:c4:00.0: [drm:hdmi_frl_poll_start [amdgpu]] FRL LINK TRAINING:  Read FRL_START = 0, FLT_UPDATE = 0.  num_polls = 63
Sep 19 19:22:52.822658 cachyos-x8664 kernel: amdgpu 0000:c4:00.0: [drm:hdmi_frl_poll_start [amdgpu]] FRL LINK TRAINING:  Read FRL_START = 0, FLT_UPDATE = 0.  num_polls = 62
Sep 19 19:22:52.825658 cachyos-x8664 kernel: amdgpu 0000:c4:00.0: [drm:hdmi_frl_poll_start [amdgpu]] FRL LINK TRAINING:  Read FRL_START = 0, FLT_UPDATE = 0.  num_polls = 61
Sep 19 19:22:52.828655 cachyos-x8664 kernel: amdgpu 0000:c4:00.0: [drm:hdmi_frl_poll_start [amdgpu]] FRL LINK TRAINING:  Read FRL_START = 0, FLT_UPDATE = 0.  num_polls = 60
Sep 19 19:22:52.831654 cachyos-x8664 kernel: amdgpu 0000:c4:00.0: [drm:hdmi_frl_poll_start [amdgpu]] FRL LINK TRAINING:  Read FRL_START = 0, FLT_UPDATE = 0.  num_polls = 59
Sep 19 19:22:52.834654 cachyos-x8664 kernel: amdgpu 0000:c4:00.0: [drm:hdmi_frl_poll_start [amdgpu]] FRL LINK TRAINING:  Read FRL_START = 0, FLT_UPDATE = 0.  num_polls = 58
Sep 19 19:22:52.837644 cachyos-x8664 kernel: amdgpu 0000:c4:00.0: [drm:hdmi_frl_poll_start [amdgpu]] FRL LINK TRAINING:  Read FRL_START = 0, FLT_UPDATE = 0.  num_polls = 57
Sep 19 19:22:52.839652 cachyos-x8664 kernel: amdgpu 0000:c4:00.0: [drm:hdmi_frl_poll_start [amdgpu]] FRL LINK TRAINING:  Read FRL_START = 0, FLT_UPDATE = 0.  num_polls = 56
Sep 19 19:22:52.842644 cachyos-x8664 kernel: amdgpu 0000:c4:00.0: [drm:hdmi_frl_poll_start [amdgpu]] FRL LINK TRAINING:  Read FRL_START = 0, FLT_UPDATE = 0.  num_polls = 55
Sep 19 19:22:52.845642 cachyos-x8664 kernel: amdgpu 0000:c4:00.0: [drm:hdmi_frl_poll_start [amdgpu]] FRL LINK TRAINING:  Read FRL_START = 0, FLT_UPDATE = 0.  num_polls = 54
Sep 19 19:22:52.848643 cachyos-x8664 kernel: amdgpu 0000:c4:00.0: [drm:hdmi_frl_poll_start [amdgpu]] FRL LINK TRAINING:  Read FRL_START = 0, FLT_UPDATE = 0.  num_polls = 53
Sep 19 19:22:52.851644 cachyos-x8664 kernel: amdgpu 0000:c4:00.0: [drm:hdmi_frl_poll_start [amdgpu]] FRL LINK TRAINING:  Read FRL_START = 0, FLT_UPDATE = 0.  num_polls = 52
Sep 19 19:22:52.854642 cachyos-x8664 kernel: amdgpu 0000:c4:00.0: [drm:hdmi_frl_poll_start [amdgpu]] FRL LINK TRAINING:  Read FRL_START = 0, FLT_UPDATE = 0.  num_polls = 51
Sep 19 19:22:52.857653 cachyos-x8664 kernel: amdgpu 0000:c4:00.0: [drm:hdmi_frl_poll_start [amdgpu]] FRL LINK TRAINING:  Read FRL_START = 0, FLT_UPDATE = 0.  num_polls = 50
Sep 19 19:22:52.860643 cachyos-x8664 kernel: amdgpu 0000:c4:00.0: [drm:hdmi_frl_poll_start [amdgpu]] FRL LINK TRAINING:  Read FRL_START = 0, FLT_UPDATE = 0.  num_polls = 49
Sep 19 19:22:52.863642 cachyos-x8664 kernel: amdgpu 0000:c4:00.0: [drm:hdmi_frl_poll_start [amdgpu]] FRL LINK TRAINING:  Read FRL_START = 0, FLT_UPDATE = 0.  num_polls = 48
Sep 19 19:22:52.866643 cachyos-x8664 kernel: amdgpu 0000:c4:00.0: [drm:hdmi_frl_poll_start [amdgpu]] FRL LINK TRAINING:  Read FRL_START = 0, FLT_UPDATE = 0.  num_polls = 47
Sep 19 19:22:52.869642 cachyos-x8664 kernel: amdgpu 0000:c4:00.0: [drm:hdmi_frl_poll_start [amdgpu]] FRL LINK TRAINING:  Read FRL_START = 0, FLT_UPDATE = 0.  num_polls = 46
Sep 19 19:22:52.872643 cachyos-x8664 kernel: amdgpu 0000:c4:00.0: [drm:hdmi_frl_poll_start [amdgpu]] FRL LINK TRAINING:  Read FRL_START = 0, FLT_UPDATE = 0.  num_polls = 45
Sep 19 19:22:52.875643 cachyos-x8664 kernel: amdgpu 0000:c4:00.0: [drm:hdmi_frl_poll_start [amdgpu]] FRL LINK TRAINING:  Read FRL_START = 0, FLT_UPDATE = 0.  num_polls = 44
Sep 19 19:22:52.878661 cachyos-x8664 kernel: amdgpu 0000:c4:00.0: [drm:hdmi_frl_poll_start [amdgpu]] FRL LINK TRAINING:  Read FRL_START = 0, FLT_UPDATE = 0.  num_polls = 43
Sep 19 19:22:52.881643 cachyos-x8664 kernel: amdgpu 0000:c4:00.0: [drm:hdmi_frl_poll_start [amdgpu]] FRL LINK TRAINING:  Read FRL_START = 0, FLT_UPDATE = 0.  num_polls = 42
Sep 19 19:22:52.884658 cachyos-x8664 kernel: amdgpu 0000:c4:00.0: [drm:hdmi_frl_poll_start [amdgpu]] FRL LINK TRAINING:  Read FRL_START = 0, FLT_UPDATE = 0.  num_polls = 41
Sep 19 19:22:52.887660 cachyos-x8664 kernel: amdgpu 0000:c4:00.0: [drm:hdmi_frl_poll_start [amdgpu]] FRL LINK TRAINING:  Read FRL_START = 0, FLT_UPDATE = 0.  num_polls = 40
Sep 19 19:22:52.890663 cachyos-x8664 kernel: amdgpu 0000:c4:00.0: [drm:hdmi_frl_poll_start [amdgpu]] FRL LINK TRAINING:  Read FRL_START = 0, FLT_UPDATE = 0.  num_polls = 39
Sep 19 19:22:52.893657 cachyos-x8664 kernel: amdgpu 0000:c4:00.0: [drm:hdmi_frl_poll_start [amdgpu]] FRL LINK TRAINING:  Read FRL_START = 0, FLT_UPDATE = 0.  num_polls = 38
Sep 19 19:22:52.896646 cachyos-x8664 kernel: amdgpu 0000:c4:00.0: [drm:hdmi_frl_poll_start [amdgpu]] FRL LINK TRAINING:  Read FRL_START = 0, FLT_UPDATE = 0.  num_polls = 37
Sep 19 19:22:52.899645 cachyos-x8664 kernel: amdgpu 0000:c4:00.0: [drm:hdmi_frl_poll_start [amdgpu]] FRL LINK TRAINING:  Read FRL_START = 0, FLT_UPDATE = 0.  num_polls = 36
Sep 19 19:22:52.902659 cachyos-x8664 kernel: amdgpu 0000:c4:00.0: [drm:hdmi_frl_poll_start [amdgpu]] FRL LINK TRAINING:  Read FRL_START = 0, FLT_UPDATE = 0.  num_polls = 35
Sep 19 19:22:52.905658 cachyos-x8664 kernel: amdgpu 0000:c4:00.0: [drm:hdmi_frl_poll_start [amdgpu]] FRL LINK TRAINING:  Read FRL_START = 0, FLT_UPDATE = 0.  num_polls = 34
Sep 19 19:22:52.908659 cachyos-x8664 kernel: amdgpu 0000:c4:00.0: [drm:hdmi_frl_poll_start [amdgpu]] FRL LINK TRAINING:  Read FRL_START = 0, FLT_UPDATE = 0.  num_polls = 33
Sep 19 19:22:52.911674 cachyos-x8664 kernel: amdgpu 0000:c4:00.0: [drm:hdmi_frl_poll_start [amdgpu]] FRL LINK TRAINING:  Read FRL_START = 1, FLT_UPDATE = 0.  num_polls = 32
Sep 19 19:22:52.912676 cachyos-x8664 kernel: amdgpu 0000:c4:00.0: [drm:link_set_dpms_on [amdgpu]] FRL LINK TRAINING:  LTS:P Success
Sep 19 19:22:52.912858 cachyos-x8664 kernel: amdgpu 0000:c4:00.0: [drm:dccg35_set_hdmistreamclk [amdgpu]] dccg35_set_hdmistreamclk: OTG1 HDMISTREAMCLK_EN = 1, HDMISTREAMCLK_SRC_SEL = 1
Sep 19 19:22:52.913147 cachyos-x8664 kernel: amdgpu 0000:c4:00.0: [drm:link_set_dpms_on [amdgpu]] Exiting [hpo_enc3_enable]
Sep 19 19:22:52.918788 cachyos-x8664 kernel: amdgpu 0000:c4:00.0: [drm:amdgpu_dm_atomic_commit_tail [amdgpu]] [HDCP_DM] connector->index: 0 connect_status: 1 dpms: 0
Sep 19 19:22:52.919234 cachyos-x8664 kernel: amdgpu 0000:c4:00.0: [drm:amdgpu_dm_atomic_commit_tail [amdgpu]] [HDCP_DM] connector->index: 1 connect_status: 1 dpms: 0
Sep 19 19:22:52.919989 cachyos-x8664 kernel: amdgpu 0000:c4:00.0: [drm:amdgpu_dm_atomic_commit_tail [amdgpu]] [HDCP_DM] connector->index: 2 connect_status: 2 dpms: 3
Sep 19 19:22:52.920907 cachyos-x8664 kernel: amdgpu 0000:c4:00.0: [drm:amdgpu_dm_atomic_commit_tail [amdgpu]] [HDCP_DM] connector->index: 3 connect_status: 2 dpms: 3
Sep 19 19:22:52.921110 cachyos-x8664 kernel: amdgpu 0000:c4:00.0: [drm:amdgpu_dm_atomic_commit_tail [amdgpu]] [HDCP_DM] connector->index: 4 connect_status: 2 dpms: 3
Sep 19 19:22:52.921651 cachyos-x8664 kernel: amdgpu 0000:c4:00.0: [drm:amdgpu_dm_atomic_commit_tail [amdgpu]] [HDCP_DM] connector->index: 5 connect_status: 2 dpms: 3
Sep 19 19:22:52.921894 cachyos-x8664 kernel: amdgpu 0000:c4:00.0: [drm:amdgpu_dm_atomic_commit_tail [amdgpu]] [HDCP_DM] connector->index: 6 connect_status: 2 dpms: 3
Sep 19 19:22:52.922797 cachyos-x8664 kernel: amdgpu 0000:c4:00.0: [drm:amdgpu_dm_atomic_commit_tail [amdgpu]] [HDCP_DM] connector->index: 7 connect_status: 2 dpms: 3
Sep 19 19:22:52.923010 cachyos-x8664 kernel: amdgpu 0000:c4:00.0: [drm:amdgpu_dm_atomic_commit_tail [amdgpu]] [HDCP_DM] connector->index: 8 connect_status: 2 dpms: 3
Sep 19 19:22:52.925652 cachyos-x8664 kernel: amdgpu 0000:c4:00.0: [drm:dcn35_root_clock_control [amdgpu]] dccg35_set_hdmistreamclk_root_clock_gating: HDMISTREAMCLK0_ROOT_GATE_DISABLE = 1
Sep 19 19:22:52.934477 cachyos-x8664 kernel: amdgpu 0000:c4:00.0: [drm:dcn35_root_clock_control [amdgpu]] dccg35_set_hdmistreamclk_root_clock_gating: HDMISTREAMCLK0_ROOT_GATE_DISABLE = 1
Sep 19 19:22:52.973041 cachyos-x8664 kernel: amdgpu 0000:c4:00.0: [drm:amdgpu_dm_atomic_commit_tail [amdgpu]] [HDCP_DM] connector->index: 0 connect_status: 1 dpms: 0
Sep 19 19:22:52.977758 cachyos-x8664 kernel: amdgpu 0000:c4:00.0: [drm:amdgpu_dm_atomic_commit_tail [amdgpu]] [HDCP_DM] connector->index: 1 connect_status: 1 dpms: 0
Sep 19 19:22:52.978097 cachyos-x8664 kernel: amdgpu 0000:c4:00.0: [drm:dcn35_root_clock_control [amdgpu]] dccg35_set_hdmistreamclk_root_clock_gating: HDMISTREAMCLK0_ROOT_GATE_DISABLE = 1
Sep 19 19:22:53.011877 cachyos-x8664 kernel: amdgpu 0000:c4:00.0: [drm:amdgpu_dm_atomic_commit_tail [amdgpu]] [HDCP_DM] connector->index: 1 connect_status: 1 dpms: 0
Sep 19 19:22:53.044850 cachyos-x8664 kernel: amdgpu 0000:c4:00.0: [drm:amdgpu_dm_atomic_commit_tail [amdgpu]] [HDCP_DM] connector->index: 1 connect_status: 1 dpms: 0
Sep 19 19:22:53.060927 cachyos-x8664 kernel: amdgpu 0000:c4:00.0: [drm:amdgpu_dm_atomic_commit_tail [amdgpu]] [HDCP_DM] connector->index: 1 connect_status: 1 dpms: 0
Sep 19 19:22:53.077867 cachyos-x8664 kernel: amdgpu 0000:c4:00.0: [drm:amdgpu_dm_atomic_commit_tail [amdgpu]] [HDCP_DM] connector->index: 1 connect_status: 1 dpms: 0
Sep 19 19:22:53.094841 cachyos-x8664 kernel: amdgpu 0000:c4:00.0: [drm:amdgpu_dm_atomic_commit_tail [amdgpu]] [HDCP_DM] connector->index: 1 connect_status: 1 dpms: 0
Sep 19 19:22:53.128918 cachyos-x8664 kernel: amdgpu 0000:c4:00.0: [drm:amdgpu_dm_atomic_commit_tail [amdgpu]] [HDCP_DM] connector->index: 1 connect_status: 1 dpms: 0
Sep 19 19:22:53.161061 cachyos-x8664 kernel: amdgpu 0000:c4:00.0: [drm:amdgpu_dm_atomic_commit_tail [amdgpu]] [HDCP_DM] connector->index: 1 connect_status: 1 dpms: 0
Sep 19 19:22:53.194730 cachyos-x8664 kernel: amdgpu 0000:c4:00.0: [drm:amdgpu_dm_atomic_commit_tail [amdgpu]] [HDCP_DM] connector->index: 1 connect_status: 1 dpms: 0
Sep 19 19:22:53.211715 cachyos-x8664 kernel: amdgpu 0000:c4:00.0: [drm:amdgpu_dm_atomic_commit_tail [amdgpu]] [HDCP_DM] connector->index: 1 connect_status: 1 dpms: 0
Sep 19 19:22:53.228823 cachyos-x8664 kernel: amdgpu 0000:c4:00.0: [drm:amdgpu_dm_atomic_commit_tail [amdgpu]] [HDCP_DM] connector->index: 1 connect_status: 1 dpms: 0
Sep 19 19:22:53.261821 cachyos-x8664 kernel: amdgpu 0000:c4:00.0: [drm:amdgpu_dm_atomic_commit_tail [amdgpu]] [HDCP_DM] connector->index: 1 connect_status: 1 dpms: 0
Sep 19 19:22:53.294813 cachyos-x8664 kernel: amdgpu 0000:c4:00.0: [drm:amdgpu_dm_atomic_commit_tail [amdgpu]] [HDCP_DM] connector->index: 1 connect_status: 1 dpms: 0
Sep 19 19:22:53.328797 cachyos-x8664 kernel: amdgpu 0000:c4:00.0: [drm:amdgpu_dm_atomic_commit_tail [amdgpu]] [HDCP_DM] connector->index: 1 connect_status: 1 dpms: 0
Sep 19 19:22:53.361775 cachyos-x8664 kernel: amdgpu 0000:c4:00.0: [drm:amdgpu_dm_atomic_commit_tail [amdgpu]] [HDCP_DM] connector->index: 1 connect_status: 1 dpms: 0
Sep 19 19:22:53.394826 cachyos-x8664 kernel: amdgpu 0000:c4:00.0: [drm:amdgpu_dm_atomic_commit_tail [amdgpu]] [HDCP_DM] connector->index: 1 connect_status: 1 dpms: 0
Sep 19 19:22:53.428829 cachyos-x8664 kernel: amdgpu 0000:c4:00.0: [drm:amdgpu_dm_atomic_commit_tail [amdgpu]] [HDCP_DM] connector->index: 1 connect_status: 1 dpms: 0
Sep 19 19:22:53.461833 cachyos-x8664 kernel: amdgpu 0000:c4:00.0: [drm:amdgpu_dm_atomic_commit_tail [amdgpu]] [HDCP_DM] connector->index: 1 connect_status: 1 dpms: 0
Sep 19 19:22:53.494986 cachyos-x8664 kernel: amdgpu 0000:c4:00.0: [drm:amdgpu_dm_atomic_commit_tail [amdgpu]] [HDCP_DM] connector->index: 1 connect_status: 1 dpms: 0
Sep 19 19:22:53.527851 cachyos-x8664 kernel: amdgpu 0000:c4:00.0: [drm:amdgpu_dm_atomic_commit_tail [amdgpu]] [HDCP_DM] connector->index: 1 connect_status: 1 dpms: 0
Sep 19 19:22:53.561896 cachyos-x8664 kernel: amdgpu 0000:c4:00.0: [drm:amdgpu_dm_atomic_commit_tail [amdgpu]] [HDCP_DM] connector->index: 1 connect_status: 1 dpms: 0
Sep 19 19:22:53.594841 cachyos-x8664 kernel: amdgpu 0000:c4:00.0: [drm:amdgpu_dm_atomic_commit_tail [amdgpu]] [HDCP_DM] connector->index: 1 connect_status: 1 dpms: 0
Sep 19 19:22:53.627924 cachyos-x8664 kernel: amdgpu 0000:c4:00.0: [drm:amdgpu_dm_atomic_commit_tail [amdgpu]] [HDCP_DM] connector->index: 1 connect_status: 1 dpms: 0
Sep 19 19:22:53.661857 cachyos-x8664 kernel: amdgpu 0000:c4:00.0: [drm:amdgpu_dm_atomic_commit_tail [amdgpu]] [HDCP_DM] connector->index: 1 connect_status: 1 dpms: 0
Sep 19 19:22:53.695029 cachyos-x8664 kernel: amdgpu 0000:c4:00.0: [drm:amdgpu_dm_atomic_commit_tail [amdgpu]] [HDCP_DM] connector->index: 1 connect_status: 1 dpms: 0
Sep 19 19:22:53.728903 cachyos-x8664 kernel: amdgpu 0000:c4:00.0: [drm:amdgpu_dm_atomic_commit_tail [amdgpu]] [HDCP_DM] connector->index: 1 connect_status: 1 dpms: 0
Sep 19 19:22:53.761837 cachyos-x8664 kernel: amdgpu 0000:c4:00.0: [drm:amdgpu_dm_atomic_commit_tail [amdgpu]] [HDCP_DM] connector->index: 1 connect_status: 1 dpms: 0
Sep 19 19:22:53.794966 cachyos-x8664 kernel: amdgpu 0000:c4:00.0: [drm:amdgpu_dm_atomic_commit_tail [amdgpu]] [HDCP_DM] connector->index: 1 connect_status: 1 dpms: 0
Sep 19 19:22:53.828803 cachyos-x8664 kernel: amdgpu 0000:c4:00.0: [drm:amdgpu_dm_atomic_commit_tail [amdgpu]] [HDCP_DM] connector->index: 1 connect_status: 1 dpms: 0
Sep 19 19:22:53.861765 cachyos-x8664 kernel: amdgpu 0000:c4:00.0: [drm:amdgpu_dm_atomic_commit_tail [amdgpu]] [HDCP_DM] connector->index: 1 connect_status: 1 dpms: 0
Sep 19 19:22:53.894812 cachyos-x8664 kernel: amdgpu 0000:c4:00.0: [drm:amdgpu_dm_atomic_commit_tail [amdgpu]] [HDCP_DM] connector->index: 1 connect_status: 1 dpms: 0
Sep 19 19:22:53.927893 cachyos-x8664 kernel: amdgpu 0000:c4:00.0: [drm:amdgpu_dm_atomic_commit_tail [amdgpu]] [HDCP_DM] connector->index: 1 connect_status: 1 dpms: 0
Sep 19 19:22:53.961799 cachyos-x8664 kernel: amdgpu 0000:c4:00.0: [drm:amdgpu_dm_atomic_commit_tail [amdgpu]] [HDCP_DM] connector->index: 1 connect_status: 1 dpms: 0
Sep 19 19:22:53.994792 cachyos-x8664 kernel: amdgpu 0000:c4:00.0: [drm:amdgpu_dm_atomic_commit_tail [amdgpu]] [HDCP_DM] connector->index: 1 connect_status: 1 dpms: 0
Sep 19 19:22:54.027888 cachyos-x8664 kernel: amdgpu 0000:c4:00.0: [drm:amdgpu_dm_atomic_commit_tail [amdgpu]] [HDCP_DM] connector->index: 1 connect_status: 1 dpms: 0
Sep 19 19:22:54.061843 cachyos-x8664 kernel: amdgpu 0000:c4:00.0: [drm:amdgpu_dm_atomic_commit_tail [amdgpu]] [HDCP_DM] connector->index: 1 connect_status: 1 dpms: 0
Sep 19 19:22:54.094879 cachyos-x8664 kernel: amdgpu 0000:c4:00.0: [drm:amdgpu_dm_atomic_commit_tail [amdgpu]] [HDCP_DM] connector->index: 1 connect_status: 1 dpms: 0
Sep 19 19:22:54.128841 cachyos-x8664 kernel: amdgpu 0000:c4:00.0: [drm:amdgpu_dm_atomic_commit_tail [amdgpu]] [HDCP_DM] connector->index: 1 connect_status: 1 dpms: 0
Sep 19 19:22:54.161934 cachyos-x8664 kernel: amdgpu 0000:c4:00.0: [drm:amdgpu_dm_atomic_commit_tail [amdgpu]] [HDCP_DM] connector->index: 1 connect_status: 1 dpms: 0
Sep 19 19:22:54.194897 cachyos-x8664 kernel: amdgpu 0000:c4:00.0: [drm:amdgpu_dm_atomic_commit_tail [amdgpu]] [HDCP_DM] connector->index: 1 connect_status: 1 dpms: 0
Sep 19 19:22:54.227992 cachyos-x8664 kernel: amdgpu 0000:c4:00.0: [drm:amdgpu_dm_atomic_commit_tail [amdgpu]] [HDCP_DM] connector->index: 1 connect_status: 1 dpms: 0
Sep 19 19:22:54.261842 cachyos-x8664 kernel: amdgpu 0000:c4:00.0: [drm:amdgpu_dm_atomic_commit_tail [amdgpu]] [HDCP_DM] connector->index: 1 connect_status: 1 dpms: 0
Sep 19 19:22:54.294898 cachyos-x8664 kernel: amdgpu 0000:c4:00.0: [drm:amdgpu_dm_atomic_commit_tail [amdgpu]] [HDCP_DM] connector->index: 1 connect_status: 1 dpms: 0
Sep 19 19:22:54.328778 cachyos-x8664 kernel: amdgpu 0000:c4:00.0: [drm:amdgpu_dm_atomic_commit_tail [amdgpu]] [HDCP_DM] connector->index: 1 connect_status: 1 dpms: 0
Sep 19 19:22:54.361806 cachyos-x8664 kernel: amdgpu 0000:c4:00.0: [drm:amdgpu_dm_atomic_commit_tail [amdgpu]] [HDCP_DM] connector->index: 1 connect_status: 1 dpms: 0
Sep 19 19:22:54.394833 cachyos-x8664 kernel: amdgpu 0000:c4:00.0: [drm:amdgpu_dm_atomic_commit_tail [amdgpu]] [HDCP_DM] connector->index: 1 connect_status: 1 dpms: 0
Sep 19 19:22:54.427910 cachyos-x8664 kernel: amdgpu 0000:c4:00.0: [drm:amdgpu_dm_atomic_commit_tail [amdgpu]] [HDCP_DM] connector->index: 1 connect_status: 1 dpms: 0
Sep 19 19:22:54.461801 cachyos-x8664 kernel: amdgpu 0000:c4:00.0: [drm:amdgpu_dm_atomic_commit_tail [amdgpu]] [HDCP_DM] connector->index: 1 connect_status: 1 dpms: 0
Sep 19 19:22:54.494831 cachyos-x8664 kernel: amdgpu 0000:c4:00.0: [drm:amdgpu_dm_atomic_commit_tail [amdgpu]] [HDCP_DM] connector->index: 1 connect_status: 1 dpms: 0
Sep 19 19:22:54.528033 cachyos-x8664 kernel: amdgpu 0000:c4:00.0: [drm:amdgpu_dm_atomic_commit_tail [amdgpu]] [HDCP_DM] connector->index: 1 connect_status: 1 dpms: 0
Sep 19 19:22:54.561902 cachyos-x8664 kernel: amdgpu 0000:c4:00.0: [drm:amdgpu_dm_atomic_commit_tail [amdgpu]] [HDCP_DM] connector->index: 1 connect_status: 1 dpms: 0
Sep 19 19:22:54.594856 cachyos-x8664 kernel: amdgpu 0000:c4:00.0: [drm:amdgpu_dm_atomic_commit_tail [amdgpu]] [HDCP_DM] connector->index: 1 connect_status: 1 dpms: 0
Sep 19 19:22:54.627967 cachyos-x8664 kernel: amdgpu 0000:c4:00.0: [drm:amdgpu_dm_atomic_commit_tail [amdgpu]] [HDCP_DM] connector->index: 1 connect_status: 1 dpms: 0
Sep 19 19:22:54.661879 cachyos-x8664 kernel: amdgpu 0000:c4:00.0: [drm:amdgpu_dm_atomic_commit_tail [amdgpu]] [HDCP_DM] connector->index: 1 connect_status: 1 dpms: 0
Sep 19 19:22:54.694974 cachyos-x8664 kernel: amdgpu 0000:c4:00.0: [drm:amdgpu_dm_atomic_commit_tail [amdgpu]] [HDCP_DM] connector->index: 1 connect_status: 1 dpms: 0
Sep 19 19:22:54.728891 cachyos-x8664 kernel: amdgpu 0000:c4:00.0: [drm:amdgpu_dm_atomic_commit_tail [amdgpu]] [HDCP_DM] connector->index: 1 connect_status: 1 dpms: 0
Sep 19 19:22:54.761967 cachyos-x8664 kernel: amdgpu 0000:c4:00.0: [drm:amdgpu_dm_atomic_commit_tail [amdgpu]] [HDCP_DM] connector->index: 1 connect_status: 1 dpms: 0
Sep 19 19:22:54.794922 cachyos-x8664 kernel: amdgpu 0000:c4:00.0: [drm:amdgpu_dm_atomic_commit_tail [amdgpu]] [HDCP_DM] connector->index: 1 connect_status: 1 dpms: 0
Sep 19 19:22:54.828901 cachyos-x8664 kernel: amdgpu 0000:c4:00.0: [drm:amdgpu_dm_atomic_commit_tail [amdgpu]] [HDCP_DM] connector->index: 1 connect_status: 1 dpms: 0
Sep 19 19:22:54.861824 cachyos-x8664 kernel: amdgpu 0000:c4:00.0: [drm:amdgpu_dm_atomic_commit_tail [amdgpu]] [HDCP_DM] connector->index: 1 connect_status: 1 dpms: 0
Sep 19 19:22:54.894931 cachyos-x8664 kernel: amdgpu 0000:c4:00.0: [drm:amdgpu_dm_atomic_commit_tail [amdgpu]] [HDCP_DM] connector->index: 1 connect_status: 1 dpms: 0
Sep 19 19:22:54.927938 cachyos-x8664 kernel: amdgpu 0000:c4:00.0: [drm:amdgpu_dm_atomic_commit_tail [amdgpu]] [HDCP_DM] connector->index: 1 connect_status: 1 dpms: 0
Sep 19 19:22:54.961841 cachyos-x8664 kernel: amdgpu 0000:c4:00.0: [drm:amdgpu_dm_atomic_commit_tail [amdgpu]] [HDCP_DM] connector->index: 1 connect_status: 1 dpms: 0
Sep 19 19:22:54.994788 cachyos-x8664 kernel: amdgpu 0000:c4:00.0: [drm:amdgpu_dm_atomic_commit_tail [amdgpu]] [HDCP_DM] connector->index: 1 connect_status: 1 dpms: 0
Sep 19 19:22:55.028940 cachyos-x8664 kernel: amdgpu 0000:c4:00.0: [drm:amdgpu_dm_atomic_commit_tail [amdgpu]] [HDCP_DM] connector->index: 1 connect_status: 1 dpms: 0
Sep 19 19:22:55.061928 cachyos-x8664 kernel: amdgpu 0000:c4:00.0: [drm:amdgpu_dm_atomic_commit_tail [amdgpu]] [HDCP_DM] connector->index: 1 connect_status: 1 dpms: 0
Sep 19 19:22:55.095013 cachyos-x8664 kernel: amdgpu 0000:c4:00.0: [drm:amdgpu_dm_atomic_commit_tail [amdgpu]] [HDCP_DM] connector->index: 1 connect_status: 1 dpms: 0
Sep 19 19:22:55.129047 cachyos-x8664 kernel: amdgpu 0000:c4:00.0: [drm:amdgpu_dm_atomic_commit_tail [amdgpu]] [HDCP_DM] connector->index: 1 connect_status: 1 dpms: 0
Sep 19 19:22:55.162051 cachyos-x8664 kernel: amdgpu 0000:c4:00.0: [drm:amdgpu_dm_atomic_commit_tail [amdgpu]] [HDCP_DM] connector->index: 1 connect_status: 1 dpms: 0
Sep 19 19:22:55.195019 cachyos-x8664 kernel: amdgpu 0000:c4:00.0: [drm:amdgpu_dm_atomic_commit_tail [amdgpu]] [HDCP_DM] connector->index: 1 connect_status: 1 dpms: 0
Sep 19 19:22:55.228012 cachyos-x8664 kernel: amdgpu 0000:c4:00.0: [drm:amdgpu_dm_atomic_commit_tail [amdgpu]] [HDCP_DM] connector->index: 1 connect_status: 1 dpms: 0
Sep 19 19:22:55.261916 cachyos-x8664 kernel: amdgpu 0000:c4:00.0: [drm:amdgpu_dm_atomic_commit_tail [amdgpu]] [HDCP_DM] connector->index: 1 connect_status: 1 dpms: 0
Sep 19 19:22:55.294934 cachyos-x8664 kernel: amdgpu 0000:c4:00.0: [drm:amdgpu_dm_atomic_commit_tail [amdgpu]] [HDCP_DM] connector->index: 1 connect_status: 1 dpms: 0
Sep 19 19:22:55.327971 cachyos-x8664 kernel: amdgpu 0000:c4:00.0: [drm:amdgpu_dm_atomic_commit_tail [amdgpu]] [HDCP_DM] connector->index: 1 connect_status: 1 dpms: 0
Sep 19 19:22:55.361976 cachyos-x8664 kernel: amdgpu 0000:c4:00.0: [drm:amdgpu_dm_atomic_commit_tail [amdgpu]] [HDCP_DM] connector->index: 1 connect_status: 1 dpms: 0
Sep 19 19:22:55.395135 cachyos-x8664 kernel: amdgpu 0000:c4:00.0: [drm:amdgpu_dm_atomic_commit_tail [amdgpu]] [HDCP_DM] connector->index: 1 connect_status: 1 dpms: 0
Sep 19 19:22:55.427922 cachyos-x8664 kernel: amdgpu 0000:c4:00.0: [drm:amdgpu_dm_atomic_commit_tail [amdgpu]] [HDCP_DM] connector->index: 1 connect_status: 1 dpms: 0
Sep 19 19:22:55.461929 cachyos-x8664 kernel: amdgpu 0000:c4:00.0: [drm:amdgpu_dm_atomic_commit_tail [amdgpu]] [HDCP_DM] connector->index: 1 connect_status: 1 dpms: 0
Sep 19 19:22:55.495106 cachyos-x8664 kernel: amdgpu 0000:c4:00.0: [drm:amdgpu_dm_atomic_commit_tail [amdgpu]] [HDCP_DM] connector->index: 1 connect_status: 1 dpms: 0
Sep 19 19:22:55.529018 cachyos-x8664 kernel: amdgpu 0000:c4:00.0: [drm:amdgpu_dm_atomic_commit_tail [amdgpu]] [HDCP_DM] connector->index: 1 connect_status: 1 dpms: 0
Sep 19 19:22:55.561918 cachyos-x8664 kernel: amdgpu 0000:c4:00.0: [drm:amdgpu_dm_atomic_commit_tail [amdgpu]] [HDCP_DM] connector->index: 1 connect_status: 1 dpms: 0
Sep 19 19:22:55.594913 cachyos-x8664 kernel: amdgpu 0000:c4:00.0: [drm:amdgpu_dm_atomic_commit_tail [amdgpu]] [HDCP_DM] connector->index: 1 connect_status: 1 dpms: 0
Sep 19 19:22:55.628876 cachyos-x8664 kernel: amdgpu 0000:c4:00.0: [drm:amdgpu_dm_atomic_commit_tail [amdgpu]] [HDCP_DM] connector->index: 1 connect_status: 1 dpms: 0
Sep 19 19:22:55.661902 cachyos-x8664 kernel: amdgpu 0000:c4:00.0: [drm:amdgpu_dm_atomic_commit_tail [amdgpu]] [HDCP_DM] connector->index: 1 connect_status: 1 dpms: 0
Sep 19 19:22:55.694987 cachyos-x8664 kernel: amdgpu 0000:c4:00.0: [drm:amdgpu_dm_atomic_commit_tail [amdgpu]] [HDCP_DM] connector->index: 1 connect_status: 1 dpms: 0
Sep 19 19:22:55.728903 cachyos-x8664 kernel: amdgpu 0000:c4:00.0: [drm:amdgpu_dm_atomic_commit_tail [amdgpu]] [HDCP_DM] connector->index: 1 connect_status: 1 dpms: 0
Sep 19 19:22:55.761967 cachyos-x8664 kernel: amdgpu 0000:c4:00.0: [drm:amdgpu_dm_atomic_commit_tail [amdgpu]] [HDCP_DM] connector->index: 1 connect_status: 1 dpms: 0
Sep 19 19:22:55.795136 cachyos-x8664 kernel: amdgpu 0000:c4:00.0: [drm:amdgpu_dm_atomic_commit_tail [amdgpu]] [HDCP_DM] connector->index: 1 connect_status: 1 dpms: 0
Sep 19 19:22:55.829012 cachyos-x8664 kernel: amdgpu 0000:c4:00.0: [drm:amdgpu_dm_atomic_commit_tail [amdgpu]] [HDCP_DM] connector->index: 1 connect_status: 1 dpms: 0
Sep 19 19:22:55.861874 cachyos-x8664 kernel: amdgpu 0000:c4:00.0: [drm:amdgpu_dm_atomic_commit_tail [amdgpu]] [HDCP_DM] connector->index: 1 connect_status: 1 dpms: 0
Sep 19 19:22:55.894898 cachyos-x8664 kernel: amdgpu 0000:c4:00.0: [drm:amdgpu_dm_atomic_commit_tail [amdgpu]] [HDCP_DM] connector->index: 1 connect_status: 1 dpms: 0
Sep 19 19:22:55.928006 cachyos-x8664 kernel: amdgpu 0000:c4:00.0: [drm:amdgpu_dm_atomic_commit_tail [amdgpu]] [HDCP_DM] connector->index: 1 connect_status: 1 dpms: 0
Sep 19 19:22:55.961954 cachyos-x8664 kernel: amdgpu 0000:c4:00.0: [drm:amdgpu_dm_atomic_commit_tail [amdgpu]] [HDCP_DM] connector->index: 1 connect_status: 1 dpms: 0
Sep 19 19:22:55.994889 cachyos-x8664 kernel: amdgpu 0000:c4:00.0: [drm:amdgpu_dm_atomic_commit_tail [amdgpu]] [HDCP_DM] connector->index: 1 connect_status: 1 dpms: 0
Sep 19 19:22:56.028023 cachyos-x8664 kernel: amdgpu 0000:c4:00.0: [drm:amdgpu_dm_atomic_commit_tail [amdgpu]] [HDCP_DM] connector->index: 1 connect_status: 1 dpms: 0
Sep 19 19:22:56.061831 cachyos-x8664 kernel: amdgpu 0000:c4:00.0: [drm:amdgpu_dm_atomic_commit_tail [amdgpu]] [HDCP_DM] connector->index: 1 connect_status: 1 dpms: 0
Sep 19 19:22:56.095026 cachyos-x8664 kernel: amdgpu 0000:c4:00.0: [drm:amdgpu_dm_atomic_commit_tail [amdgpu]] [HDCP_DM] connector->index: 1 connect_status: 1 dpms: 0
Sep 19 19:22:56.127943 cachyos-x8664 kernel: amdgpu 0000:c4:00.0: [drm:amdgpu_dm_atomic_commit_tail [amdgpu]] [HDCP_DM] connector->index: 1 connect_status: 1 dpms: 0
Sep 19 19:22:56.161898 cachyos-x8664 kernel: amdgpu 0000:c4:00.0: [drm:amdgpu_dm_atomic_commit_tail [amdgpu]] [HDCP_DM] connector->index: 1 connect_status: 1 dpms: 0
Sep 19 19:22:56.194946 cachyos-x8664 kernel: amdgpu 0000:c4:00.0: [drm:amdgpu_dm_atomic_commit_tail [amdgpu]] [HDCP_DM] connector->index: 1 connect_status: 1 dpms: 0
Sep 19 19:22:56.227970 cachyos-x8664 kernel: amdgpu 0000:c4:00.0: [drm:amdgpu_dm_atomic_commit_tail [amdgpu]] [HDCP_DM] connector->index: 1 connect_status: 1 dpms: 0
Sep 19 19:22:56.261867 cachyos-x8664 kernel: amdgpu 0000:c4:00.0: [drm:amdgpu_dm_atomic_commit_tail [amdgpu]] [HDCP_DM] connector->index: 1 connect_status: 1 dpms: 0
Sep 19 19:22:56.294942 cachyos-x8664 kernel: amdgpu 0000:c4:00.0: [drm:amdgpu_dm_atomic_commit_tail [amdgpu]] [HDCP_DM] connector->index: 1 connect_status: 1 dpms: 0
Sep 19 19:22:56.327973 cachyos-x8664 kernel: amdgpu 0000:c4:00.0: [drm:amdgpu_dm_atomic_commit_tail [amdgpu]] [HDCP_DM] connector->index: 1 connect_status: 1 dpms: 0
Sep 19 19:22:56.361955 cachyos-x8664 kernel: amdgpu 0000:c4:00.0: [drm:amdgpu_dm_atomic_commit_tail [amdgpu]] [HDCP_DM] connector->index: 1 connect_status: 1 dpms: 0
Sep 19 19:22:56.394893 cachyos-x8664 kernel: amdgpu 0000:c4:00.0: [drm:amdgpu_dm_atomic_commit_tail [amdgpu]] [HDCP_DM] connector->index: 1 connect_status: 1 dpms: 0
Sep 19 19:22:56.427976 cachyos-x8664 kernel: amdgpu 0000:c4:00.0: [drm:amdgpu_dm_atomic_commit_tail [amdgpu]] [HDCP_DM] connector->index: 1 connect_status: 1 dpms: 0
Sep 19 19:22:56.461932 cachyos-x8664 kernel: amdgpu 0000:c4:00.0: [drm:amdgpu_dm_atomic_commit_tail [amdgpu]] [HDCP_DM] connector->index: 1 connect_status: 1 dpms: 0
Sep 19 19:22:56.494908 cachyos-x8664 kernel: amdgpu 0000:c4:00.0: [drm:amdgpu_dm_atomic_commit_tail [amdgpu]] [HDCP_DM] connector->index: 1 connect_status: 1 dpms: 0
Sep 19 19:22:56.527905 cachyos-x8664 kernel: amdgpu 0000:c4:00.0: [drm:amdgpu_dm_atomic_commit_tail [amdgpu]] [HDCP_DM] connector->index: 1 connect_status: 1 dpms: 0
Sep 19 19:22:56.561899 cachyos-x8664 kernel: amdgpu 0000:c4:00.0: [drm:amdgpu_dm_atomic_commit_tail [amdgpu]] [HDCP_DM] connector->index: 1 connect_status: 1 dpms: 0
Sep 19 19:22:56.594916 cachyos-x8664 kernel: amdgpu 0000:c4:00.0: [drm:amdgpu_dm_atomic_commit_tail [amdgpu]] [HDCP_DM] connector->index: 1 connect_status: 1 dpms: 0
Sep 19 19:22:56.628966 cachyos-x8664 kernel: amdgpu 0000:c4:00.0: [drm:amdgpu_dm_atomic_commit_tail [amdgpu]] [HDCP_DM] connector->index: 1 connect_status: 1 dpms: 0
Sep 19 19:22:56.662074 cachyos-x8664 kernel: amdgpu 0000:c4:00.0: [drm:amdgpu_dm_atomic_commit_tail [amdgpu]] [HDCP_DM] connector->index: 1 connect_status: 1 dpms: 0
Sep 19 19:22:56.695021 cachyos-x8664 kernel: amdgpu 0000:c4:00.0: [drm:amdgpu_dm_atomic_commit_tail [amdgpu]] [HDCP_DM] connector->index: 1 connect_status: 1 dpms: 0
Sep 19 19:22:56.729080 cachyos-x8664 kernel: amdgpu 0000:c4:00.0: [drm:amdgpu_dm_atomic_commit_tail [amdgpu]] [HDCP_DM] connector->index: 1 connect_status: 1 dpms: 0
Sep 19 19:22:56.761961 cachyos-x8664 kernel: amdgpu 0000:c4:00.0: [drm:amdgpu_dm_atomic_commit_tail [amdgpu]] [HDCP_DM] connector->index: 1 connect_status: 1 dpms: 0
Sep 19 19:22:56.795144 cachyos-x8664 kernel: amdgpu 0000:c4:00.0: [drm:amdgpu_dm_atomic_commit_tail [amdgpu]] [HDCP_DM] connector->index: 1 connect_status: 1 dpms: 0
Sep 19 19:22:56.829009 cachyos-x8664 kernel: amdgpu 0000:c4:00.0: [drm:amdgpu_dm_atomic_commit_tail [amdgpu]] [HDCP_DM] connector->index: 1 connect_status: 1 dpms: 0
Sep 19 19:22:56.861992 cachyos-x8664 kernel: amdgpu 0000:c4:00.0: [drm:amdgpu_dm_atomic_commit_tail [amdgpu]] [HDCP_DM] connector->index: 1 connect_status: 1 dpms: 0
Sep 19 19:22:56.894889 cachyos-x8664 kernel: amdgpu 0000:c4:00.0: [drm:amdgpu_dm_atomic_commit_tail [amdgpu]] [HDCP_DM] connector->index: 1 connect_status: 1 dpms: 0
Sep 19 19:22:56.928935 cachyos-x8664 kernel: amdgpu 0000:c4:00.0: [drm:amdgpu_dm_atomic_commit_tail [amdgpu]] [HDCP_DM] connector->index: 1 connect_status: 1 dpms: 0
Sep 19 19:22:56.961832 cachyos-x8664 kernel: amdgpu 0000:c4:00.0: [drm:amdgpu_dm_atomic_commit_tail [amdgpu]] [HDCP_DM] connector->index: 1 connect_status: 1 dpms: 0
Sep 19 19:22:56.994891 cachyos-x8664 kernel: amdgpu 0000:c4:00.0: [drm:amdgpu_dm_atomic_commit_tail [amdgpu]] [HDCP_DM] connector->index: 1 connect_status: 1 dpms: 0
Sep 19 19:22:57.028829 cachyos-x8664 kernel: amdgpu 0000:c4:00.0: [drm:amdgpu_dm_atomic_commit_tail [amdgpu]] [HDCP_DM] connector->index: 1 connect_status: 1 dpms: 0
Sep 19 19:22:57.062099 cachyos-x8664 kernel: amdgpu 0000:c4:00.0: [drm:amdgpu_dm_atomic_commit_tail [amdgpu]] [HDCP_DM] connector->index: 1 connect_status: 1 dpms: 0
Sep 19 19:22:57.095131 cachyos-x8664 kernel: amdgpu 0000:c4:00.0: [drm:amdgpu_dm_atomic_commit_tail [amdgpu]] [HDCP_DM] connector->index: 1 connect_status: 1 dpms: 0
Sep 19 19:22:57.129047 cachyos-x8664 kernel: amdgpu 0000:c4:00.0: [drm:amdgpu_dm_atomic_commit_tail [amdgpu]] [HDCP_DM] connector->index: 1 connect_status: 1 dpms: 0
Sep 19 19:22:57.161966 cachyos-x8664 kernel: amdgpu 0000:c4:00.0: [drm:amdgpu_dm_atomic_commit_tail [amdgpu]] [HDCP_DM] connector->index: 1 connect_status: 1 dpms: 0
Sep 19 19:22:57.194870 cachyos-x8664 kernel: amdgpu 0000:c4:00.0: [drm:amdgpu_dm_atomic_commit_tail [amdgpu]] [HDCP_DM] connector->index: 1 connect_status: 1 dpms: 0
Sep 19 19:22:57.228969 cachyos-x8664 kernel: amdgpu 0000:c4:00.0: [drm:amdgpu_dm_atomic_commit_tail [amdgpu]] [HDCP_DM] connector->index: 1 connect_status: 1 dpms: 0
Sep 19 19:22:57.262120 cachyos-x8664 kernel: amdgpu 0000:c4:00.0: [drm:amdgpu_dm_atomic_commit_tail [amdgpu]] [HDCP_DM] connector->index: 1 connect_status: 1 dpms: 0
Sep 19 19:22:57.294799 cachyos-x8664 kernel: amdgpu 0000:c4:00.0: [drm:amdgpu_dm_atomic_commit_tail [amdgpu]] [HDCP_DM] connector->index: 1 connect_status: 1 dpms: 0
Sep 19 19:22:57.329008 cachyos-x8664 kernel: amdgpu 0000:c4:00.0: [drm:amdgpu_dm_atomic_commit_tail [amdgpu]] [HDCP_DM] connector->index: 1 connect_status: 1 dpms: 0
Sep 19 19:22:57.362013 cachyos-x8664 kernel: amdgpu 0000:c4:00.0: [drm:amdgpu_dm_atomic_commit_tail [amdgpu]] [HDCP_DM] connector->index: 1 connect_status: 1 dpms: 0
Sep 19 19:22:57.394823 cachyos-x8664 kernel: amdgpu 0000:c4:00.0: [drm:amdgpu_dm_atomic_commit_tail [amdgpu]] [HDCP_DM] connector->index: 1 connect_status: 1 dpms: 0
Sep 19 19:22:57.427895 cachyos-x8664 kernel: amdgpu 0000:c4:00.0: [drm:amdgpu_dm_atomic_commit_tail [amdgpu]] [HDCP_DM] connector->index: 1 connect_status: 1 dpms: 0
Sep 19 19:22:57.461945 cachyos-x8664 kernel: amdgpu 0000:c4:00.0: [drm:amdgpu_dm_atomic_commit_tail [amdgpu]] [HDCP_DM] connector->index: 1 connect_status: 1 dpms: 0
Sep 19 19:22:57.494875 cachyos-x8664 kernel: amdgpu 0000:c4:00.0: [drm:amdgpu_dm_atomic_commit_tail [amdgpu]] [HDCP_DM] connector->index: 1 connect_status: 1 dpms: 0
Sep 19 19:22:57.527965 cachyos-x8664 kernel: amdgpu 0000:c4:00.0: [drm:amdgpu_dm_atomic_commit_tail [amdgpu]] [HDCP_DM] connector->index: 1 connect_status: 1 dpms: 0
Sep 19 19:22:57.561943 cachyos-x8664 kernel: amdgpu 0000:c4:00.0: [drm:amdgpu_dm_atomic_commit_tail [amdgpu]] [HDCP_DM] connector->index: 1 connect_status: 1 dpms: 0
Sep 19 19:22:57.594910 cachyos-x8664 kernel: amdgpu 0000:c4:00.0: [drm:amdgpu_dm_atomic_commit_tail [amdgpu]] [HDCP_DM] connector->index: 1 connect_status: 1 dpms: 0
Sep 19 19:22:57.627966 cachyos-x8664 kernel: amdgpu 0000:c4:00.0: [drm:amdgpu_dm_atomic_commit_tail [amdgpu]] [HDCP_DM] connector->index: 1 connect_status: 1 dpms: 0
Sep 19 19:22:57.661981 cachyos-x8664 kernel: amdgpu 0000:c4:00.0: [drm:amdgpu_dm_atomic_commit_tail [amdgpu]] [HDCP_DM] connector->index: 1 connect_status: 1 dpms: 0
Sep 19 19:22:57.694979 cachyos-x8664 kernel: amdgpu 0000:c4:00.0: [drm:amdgpu_dm_atomic_commit_tail [amdgpu]] [HDCP_DM] connector->index: 1 connect_status: 1 dpms: 0
Sep 19 19:22:57.728846 cachyos-x8664 kernel: amdgpu 0000:c4:00.0: [drm:amdgpu_dm_atomic_commit_tail [amdgpu]] [HDCP_DM] connector->index: 1 connect_status: 1 dpms: 0
Sep 19 19:22:57.761924 cachyos-x8664 kernel: amdgpu 0000:c4:00.0: [drm:amdgpu_dm_atomic_commit_tail [amdgpu]] [HDCP_DM] connector->index: 1 connect_status: 1 dpms: 0
Sep 19 19:22:57.795067 cachyos-x8664 kernel: amdgpu 0000:c4:00.0: [drm:amdgpu_dm_atomic_commit_tail [amdgpu]] [HDCP_DM] connector->index: 1 connect_status: 1 dpms: 0
Sep 19 19:22:57.827926 cachyos-x8664 kernel: amdgpu 0000:c4:00.0: [drm:amdgpu_dm_atomic_commit_tail [amdgpu]] [HDCP_DM] connector->index: 1 connect_status: 1 dpms: 0
Sep 19 19:22:57.861789 cachyos-x8664 kernel: amdgpu 0000:c4:00.0: [drm:amdgpu_dm_atomic_commit_tail [amdgpu]] [HDCP_DM] connector->index: 1 connect_status: 1 dpms: 0
Sep 19 19:22:57.894827 cachyos-x8664 kernel: amdgpu 0000:c4:00.0: [drm:amdgpu_dm_atomic_commit_tail [amdgpu]] [HDCP_DM] connector->index: 1 connect_status: 1 dpms: 0
Sep 19 19:22:57.928078 cachyos-x8664 kernel: amdgpu 0000:c4:00.0: [drm:amdgpu_dm_atomic_commit_tail [amdgpu]] [HDCP_DM] connector->index: 1 connect_status: 1 dpms: 0
Sep 19 19:22:57.961900 cachyos-x8664 kernel: amdgpu 0000:c4:00.0: [drm:amdgpu_dm_atomic_commit_tail [amdgpu]] [HDCP_DM] connector->index: 1 connect_status: 1 dpms: 0
Sep 19 19:22:57.994919 cachyos-x8664 kernel: amdgpu 0000:c4:00.0: [drm:amdgpu_dm_atomic_commit_tail [amdgpu]] [HDCP_DM] connector->index: 1 connect_status: 1 dpms: 0
Sep 19 19:22:58.027953 cachyos-x8664 kernel: amdgpu 0000:c4:00.0: [drm:amdgpu_dm_atomic_commit_tail [amdgpu]] [HDCP_DM] connector->index: 1 connect_status: 1 dpms: 0
Sep 19 19:22:58.061971 cachyos-x8664 kernel: amdgpu 0000:c4:00.0: [drm:amdgpu_dm_atomic_commit_tail [amdgpu]] [HDCP_DM] connector->index: 1 connect_status: 1 dpms: 0
Sep 19 19:22:58.094964 cachyos-x8664 kernel: amdgpu 0000:c4:00.0: [drm:amdgpu_dm_atomic_commit_tail [amdgpu]] [HDCP_DM] connector->index: 1 connect_status: 1 dpms: 0
Sep 19 19:22:58.127968 cachyos-x8664 kernel: amdgpu 0000:c4:00.0: [drm:amdgpu_dm_atomic_commit_tail [amdgpu]] [HDCP_DM] connector->index: 1 connect_status: 1 dpms: 0
Sep 19 19:22:58.161910 cachyos-x8664 kernel: amdgpu 0000:c4:00.0: [drm:amdgpu_dm_atomic_commit_tail [amdgpu]] [HDCP_DM] connector->index: 1 connect_status: 1 dpms: 0
Sep 19 19:22:58.194912 cachyos-x8664 kernel: amdgpu 0000:c4:00.0: [drm:amdgpu_dm_atomic_commit_tail [amdgpu]] [HDCP_DM] connector->index: 1 connect_status: 1 dpms: 0
Sep 19 19:22:58.230659 cachyos-x8664 kernel: amdgpu 0000:c4:00.0: [drm:amdgpu_dm_atomic_commit_tail [amdgpu]] [HDCP_DM] connector->index: 1 connect_status: 1 dpms: 0
Sep 19 19:22:58.261758 cachyos-x8664 kernel: amdgpu 0000:c4:00.0: [drm:amdgpu_dm_atomic_commit_tail [amdgpu]] [HDCP_DM] connector->index: 1 connect_status: 1 dpms: 0
Sep 19 19:22:58.294920 cachyos-x8664 kernel: amdgpu 0000:c4:00.0: [drm:amdgpu_dm_atomic_commit_tail [amdgpu]] [HDCP_DM] connector->index: 1 connect_status: 1 dpms: 0
Sep 19 19:22:58.327961 cachyos-x8664 kernel: amdgpu 0000:c4:00.0: [drm:amdgpu_dm_atomic_commit_tail [amdgpu]] [HDCP_DM] connector->index: 1 connect_status: 1 dpms: 0
Sep 19 19:22:58.361762 cachyos-x8664 kernel: amdgpu 0000:c4:00.0: [drm:amdgpu_dm_atomic_commit_tail [amdgpu]] [HDCP_DM] connector->index: 1 connect_status: 1 dpms: 0
Sep 19 19:22:58.394978 cachyos-x8664 kernel: amdgpu 0000:c4:00.0: [drm:amdgpu_dm_atomic_commit_tail [amdgpu]] [HDCP_DM] connector->index: 1 connect_status: 1 dpms: 0
Sep 19 19:22:58.428111 cachyos-x8664 kernel: amdgpu 0000:c4:00.0: [drm:amdgpu_dm_atomic_commit_tail [amdgpu]] [HDCP_DM] connector->index: 1 connect_status: 1 dpms: 0
Sep 19 19:22:58.461888 cachyos-x8664 kernel: amdgpu 0000:c4:00.0: [drm:amdgpu_dm_atomic_commit_tail [amdgpu]] [HDCP_DM] connector->index: 1 connect_status: 1 dpms: 0
Sep 19 19:22:58.494948 cachyos-x8664 kernel: amdgpu 0000:c4:00.0: [drm:amdgpu_dm_atomic_commit_tail [amdgpu]] [HDCP_DM] connector->index: 1 connect_status: 1 dpms: 0
Sep 19 19:22:58.528853 cachyos-x8664 kernel: amdgpu 0000:c4:00.0: [drm:amdgpu_dm_atomic_commit_tail [amdgpu]] [HDCP_DM] connector->index: 1 connect_status: 1 dpms: 0
Sep 19 19:22:58.561945 cachyos-x8664 kernel: amdgpu 0000:c4:00.0: [drm:amdgpu_dm_atomic_commit_tail [amdgpu]] [HDCP_DM] connector->index: 1 connect_status: 1 dpms: 0
Sep 19 19:22:58.594943 cachyos-x8664 kernel: amdgpu 0000:c4:00.0: [drm:amdgpu_dm_atomic_commit_tail [amdgpu]] [HDCP_DM] connector->index: 1 connect_status: 1 dpms: 0
Sep 19 19:22:58.627946 cachyos-x8664 kernel: amdgpu 0000:c4:00.0: [drm:amdgpu_dm_atomic_commit_tail [amdgpu]] [HDCP_DM] connector->index: 1 connect_status: 1 dpms: 0
Sep 19 19:22:58.661886 cachyos-x8664 kernel: amdgpu 0000:c4:00.0: [drm:amdgpu_dm_atomic_commit_tail [amdgpu]] [HDCP_DM] connector->index: 1 connect_status: 1 dpms: 0
Sep 19 19:22:58.695849 cachyos-x8664 kernel: amdgpu 0000:c4:00.0: [drm:amdgpu_dm_atomic_commit_tail [amdgpu]] [HDCP_DM] connector->index: 1 connect_status: 1 dpms: 0
Sep 19 19:22:58.728857 cachyos-x8664 kernel: amdgpu 0000:c4:00.0: [drm:amdgpu_dm_atomic_commit_tail [amdgpu]] [HDCP_DM] connector->index: 1 connect_status: 1 dpms: 0
Sep 19 19:22:58.761885 cachyos-x8664 kernel: amdgpu 0000:c4:00.0: [drm:amdgpu_dm_atomic_commit_tail [amdgpu]] [HDCP_DM] connector->index: 1 connect_status: 1 dpms: 0
Sep 19 19:22:58.794970 cachyos-x8664 kernel: amdgpu 0000:c4:00.0: [drm:amdgpu_dm_atomic_commit_tail [amdgpu]] [HDCP_DM] connector->index: 1 connect_status: 1 dpms: 0
Sep 19 19:22:58.827994 cachyos-x8664 kernel: amdgpu 0000:c4:00.0: [drm:amdgpu_dm_atomic_commit_tail [amdgpu]] [HDCP_DM] connector->index: 1 connect_status: 1 dpms: 0
Sep 19 19:22:58.861915 cachyos-x8664 kernel: amdgpu 0000:c4:00.0: [drm:amdgpu_dm_atomic_commit_tail [amdgpu]] [HDCP_DM] connector->index: 1 connect_status: 1 dpms: 0
Sep 19 19:22:58.894914 cachyos-x8664 kernel: amdgpu 0000:c4:00.0: [drm:amdgpu_dm_atomic_commit_tail [amdgpu]] [HDCP_DM] connector->index: 1 connect_status: 1 dpms: 0
Sep 19 19:22:58.928003 cachyos-x8664 kernel: amdgpu 0000:c4:00.0: [drm:amdgpu_dm_atomic_commit_tail [amdgpu]] [HDCP_DM] connector->index: 1 connect_status: 1 dpms: 0
Sep 19 19:22:58.961751 cachyos-x8664 kernel: amdgpu 0000:c4:00.0: [drm:amdgpu_dm_atomic_commit_tail [amdgpu]] [HDCP_DM] connector->index: 1 connect_status: 1 dpms: 0
Sep 19 19:22:58.994974 cachyos-x8664 kernel: amdgpu 0000:c4:00.0: [drm:amdgpu_dm_atomic_commit_tail [amdgpu]] [HDCP_DM] connector->index: 1 connect_status: 1 dpms: 0
Sep 19 19:22:59.028000 cachyos-x8664 kernel: amdgpu 0000:c4:00.0: [drm:amdgpu_dm_atomic_commit_tail [amdgpu]] [HDCP_DM] connector->index: 1 connect_status: 1 dpms: 0
Sep 19 19:22:59.061917 cachyos-x8664 kernel: amdgpu 0000:c4:00.0: [drm:amdgpu_dm_atomic_commit_tail [amdgpu]] [HDCP_DM] connector->index: 1 connect_status: 1 dpms: 0
Sep 19 19:22:59.094969 cachyos-x8664 kernel: amdgpu 0000:c4:00.0: [drm:amdgpu_dm_atomic_commit_tail [amdgpu]] [HDCP_DM] connector->index: 1 connect_status: 1 dpms: 0
Sep 19 19:22:59.127931 cachyos-x8664 kernel: amdgpu 0000:c4:00.0: [drm:amdgpu_dm_atomic_commit_tail [amdgpu]] [HDCP_DM] connector->index: 1 connect_status: 1 dpms: 0
Sep 19 19:22:59.161749 cachyos-x8664 kernel: amdgpu 0000:c4:00.0: [drm:amdgpu_dm_atomic_commit_tail [amdgpu]] [HDCP_DM] connector->index: 1 connect_status: 1 dpms: 0
Sep 19 19:22:59.194848 cachyos-x8664 kernel: amdgpu 0000:c4:00.0: [drm:amdgpu_dm_atomic_commit_tail [amdgpu]] [HDCP_DM] connector->index: 1 connect_status: 1 dpms: 0
Sep 19 19:22:59.228739 cachyos-x8664 kernel: amdgpu 0000:c4:00.0: [drm:amdgpu_dm_atomic_commit_tail [amdgpu]] [HDCP_DM] connector->index: 1 connect_status: 1 dpms: 0
Sep 19 19:22:59.261770 cachyos-x8664 kernel: amdgpu 0000:c4:00.0: [drm:amdgpu_dm_atomic_commit_tail [amdgpu]] [HDCP_DM] connector->index: 1 connect_status: 1 dpms: 0
Sep 19 19:22:59.294847 cachyos-x8664 kernel: amdgpu 0000:c4:00.0: [drm:amdgpu_dm_atomic_commit_tail [amdgpu]] [HDCP_DM] connector->index: 1 connect_status: 1 dpms: 0
Sep 19 19:22:59.327881 cachyos-x8664 kernel: amdgpu 0000:c4:00.0: [drm:amdgpu_dm_atomic_commit_tail [amdgpu]] [HDCP_DM] connector->index: 1 connect_status: 1 dpms: 0
Sep 19 19:22:59.361819 cachyos-x8664 kernel: amdgpu 0000:c4:00.0: [drm:amdgpu_dm_atomic_commit_tail [amdgpu]] [HDCP_DM] connector->index: 1 connect_status: 1 dpms: 0
Sep 19 19:22:59.394825 cachyos-x8664 kernel: amdgpu 0000:c4:00.0: [drm:amdgpu_dm_atomic_commit_tail [amdgpu]] [HDCP_DM] connector->index: 1 connect_status: 1 dpms: 0
Sep 19 19:22:59.428993 cachyos-x8664 kernel: amdgpu 0000:c4:00.0: [drm:amdgpu_dm_atomic_commit_tail [amdgpu]] [HDCP_DM] connector->index: 1 connect_status: 1 dpms: 0
Sep 19 19:22:59.461920 cachyos-x8664 kernel: amdgpu 0000:c4:00.0: [drm:amdgpu_dm_atomic_commit_tail [amdgpu]] [HDCP_DM] connector->index: 1 connect_status: 1 dpms: 0
Sep 19 19:22:59.494968 cachyos-x8664 kernel: amdgpu 0000:c4:00.0: [drm:amdgpu_dm_atomic_commit_tail [amdgpu]] [HDCP_DM] connector->index: 1 connect_status: 1 dpms: 0
Sep 19 19:22:59.529087 cachyos-x8664 kernel: amdgpu 0000:c4:00.0: [drm:amdgpu_dm_atomic_commit_tail [amdgpu]] [HDCP_DM] connector->index: 1 connect_status: 1 dpms: 0
Sep 19 19:22:59.561885 cachyos-x8664 kernel: amdgpu 0000:c4:00.0: [drm:amdgpu_dm_atomic_commit_tail [amdgpu]] [HDCP_DM] connector->index: 1 connect_status: 1 dpms: 0
Sep 19 19:22:59.594936 cachyos-x8664 kernel: amdgpu 0000:c4:00.0: [drm:amdgpu_dm_atomic_commit_tail [amdgpu]] [HDCP_DM] connector->index: 1 connect_status: 1 dpms: 0
Sep 19 19:22:59.628970 cachyos-x8664 kernel: amdgpu 0000:c4:00.0: [drm:amdgpu_dm_atomic_commit_tail [amdgpu]] [HDCP_DM] connector->index: 1 connect_status: 1 dpms: 0
Sep 19 19:22:59.661950 cachyos-x8664 kernel: amdgpu 0000:c4:00.0: [drm:amdgpu_dm_atomic_commit_tail [amdgpu]] [HDCP_DM] connector->index: 1 connect_status: 1 dpms: 0
Sep 19 19:22:59.694980 cachyos-x8664 kernel: amdgpu 0000:c4:00.0: [drm:amdgpu_dm_atomic_commit_tail [amdgpu]] [HDCP_DM] connector->index: 1 connect_status: 1 dpms: 0
Sep 19 19:22:59.728877 cachyos-x8664 kernel: amdgpu 0000:c4:00.0: [drm:amdgpu_dm_atomic_commit_tail [amdgpu]] [HDCP_DM] connector->index: 1 connect_status: 1 dpms: 0
Sep 19 19:22:59.761795 cachyos-x8664 kernel: amdgpu 0000:c4:00.0: [drm:amdgpu_dm_atomic_commit_tail [amdgpu]] [HDCP_DM] connector->index: 1 connect_status: 1 dpms: 0
Sep 19 19:22:59.794802 cachyos-x8664 kernel: amdgpu 0000:c4:00.0: [drm:amdgpu_dm_atomic_commit_tail [amdgpu]] [HDCP_DM] connector->index: 1 connect_status: 1 dpms: 0
Sep 19 19:22:59.828876 cachyos-x8664 kernel: amdgpu 0000:c4:00.0: [drm:amdgpu_dm_atomic_commit_tail [amdgpu]] [HDCP_DM] connector->index: 1 connect_status: 1 dpms: 0
Sep 19 19:22:59.861951 cachyos-x8664 kernel: amdgpu 0000:c4:00.0: [drm:amdgpu_dm_atomic_commit_tail [amdgpu]] [HDCP_DM] connector->index: 1 connect_status: 1 dpms: 0
Sep 19 19:22:59.894954 cachyos-x8664 kernel: amdgpu 0000:c4:00.0: [drm:amdgpu_dm_atomic_commit_tail [amdgpu]] [HDCP_DM] connector->index: 1 connect_status: 1 dpms: 0
Sep 19 19:22:59.927964 cachyos-x8664 kernel: amdgpu 0000:c4:00.0: [drm:amdgpu_dm_atomic_commit_tail [amdgpu]] [HDCP_DM] connector->index: 1 connect_status: 1 dpms: 0
Sep 19 19:22:59.961942 cachyos-x8664 kernel: amdgpu 0000:c4:00.0: [drm:amdgpu_dm_atomic_commit_tail [amdgpu]] [HDCP_DM] connector->index: 1 connect_status: 1 dpms: 0
Sep 19 19:22:59.995007 cachyos-x8664 kernel: amdgpu 0000:c4:00.0: [drm:amdgpu_dm_atomic_commit_tail [amdgpu]] [HDCP_DM] connector->index: 1 connect_status: 1 dpms: 0
Sep 19 19:23:00.028846 cachyos-x8664 kernel: amdgpu 0000:c4:00.0: [drm:amdgpu_dm_atomic_commit_tail [amdgpu]] [HDCP_DM] connector->index: 1 connect_status: 1 dpms: 0
Sep 19 19:23:00.061861 cachyos-x8664 kernel: amdgpu 0000:c4:00.0: [drm:amdgpu_dm_atomic_commit_tail [amdgpu]] [HDCP_DM] connector->index: 1 connect_status: 1 dpms: 0
Sep 19 19:23:00.094935 cachyos-x8664 kernel: amdgpu 0000:c4:00.0: [drm:amdgpu_dm_atomic_commit_tail [amdgpu]] [HDCP_DM] connector->index: 1 connect_status: 1 dpms: 0
Sep 19 19:23:00.129019 cachyos-x8664 kernel: amdgpu 0000:c4:00.0: [drm:amdgpu_dm_atomic_commit_tail [amdgpu]] [HDCP_DM] connector->index: 1 connect_status: 1 dpms: 0
Sep 19 19:23:00.161904 cachyos-x8664 kernel: amdgpu 0000:c4:00.0: [drm:amdgpu_dm_atomic_commit_tail [amdgpu]] [HDCP_DM] connector->index: 1 connect_status: 1 dpms: 0
Sep 19 19:23:00.195038 cachyos-x8664 kernel: amdgpu 0000:c4:00.0: [drm:amdgpu_dm_atomic_commit_tail [amdgpu]] [HDCP_DM] connector->index: 1 connect_status: 1 dpms: 0
Sep 19 19:23:00.228995 cachyos-x8664 kernel: amdgpu 0000:c4:00.0: [drm:amdgpu_dm_atomic_commit_tail [amdgpu]] [HDCP_DM] connector->index: 1 connect_status: 1 dpms: 0
Sep 19 19:23:00.261888 cachyos-x8664 kernel: amdgpu 0000:c4:00.0: [drm:amdgpu_dm_atomic_commit_tail [amdgpu]] [HDCP_DM] connector->index: 1 connect_status: 1 dpms: 0
Sep 19 19:23:00.294885 cachyos-x8664 kernel: amdgpu 0000:c4:00.0: [drm:amdgpu_dm_atomic_commit_tail [amdgpu]] [HDCP_DM] connector->index: 1 connect_status: 1 dpms: 0
Sep 19 19:23:00.327868 cachyos-x8664 kernel: amdgpu 0000:c4:00.0: [drm:amdgpu_dm_atomic_commit_tail [amdgpu]] [HDCP_DM] connector->index: 1 connect_status: 1 dpms: 0
Sep 19 19:23:00.361939 cachyos-x8664 kernel: amdgpu 0000:c4:00.0: [drm:amdgpu_dm_atomic_commit_tail [amdgpu]] [HDCP_DM] connector->index: 1 connect_status: 1 dpms: 0
Sep 19 19:23:00.394896 cachyos-x8664 kernel: amdgpu 0000:c4:00.0: [drm:amdgpu_dm_atomic_commit_tail [amdgpu]] [HDCP_DM] connector->index: 1 connect_status: 1 dpms: 0
Sep 19 19:23:00.427972 cachyos-x8664 kernel: amdgpu 0000:c4:00.0: [drm:amdgpu_dm_atomic_commit_tail [amdgpu]] [HDCP_DM] connector->index: 1 connect_status: 1 dpms: 0
Sep 19 19:23:00.461888 cachyos-x8664 kernel: amdgpu 0000:c4:00.0: [drm:amdgpu_dm_atomic_commit_tail [amdgpu]] [HDCP_DM] connector->index: 1 connect_status: 1 dpms: 0
Sep 19 19:23:00.494946 cachyos-x8664 kernel: amdgpu 0000:c4:00.0: [drm:amdgpu_dm_atomic_commit_tail [amdgpu]] [HDCP_DM] connector->index: 1 connect_status: 1 dpms: 0
Sep 19 19:23:00.528995 cachyos-x8664 kernel: amdgpu 0000:c4:00.0: [drm:amdgpu_dm_atomic_commit_tail [amdgpu]] [HDCP_DM] connector->index: 1 connect_status: 1 dpms: 0
Sep 19 19:23:00.561927 cachyos-x8664 kernel: amdgpu 0000:c4:00.0: [drm:amdgpu_dm_atomic_commit_tail [amdgpu]] [HDCP_DM] connector->index: 1 connect_status: 1 dpms: 0
Sep 19 19:23:00.594983 cachyos-x8664 kernel: amdgpu 0000:c4:00.0: [drm:amdgpu_dm_atomic_commit_tail [amdgpu]] [HDCP_DM] connector->index: 1 connect_status: 1 dpms: 0
Sep 19 19:23:00.628914 cachyos-x8664 kernel: amdgpu 0000:c4:00.0: [drm:amdgpu_dm_atomic_commit_tail [amdgpu]] [HDCP_DM] connector->index: 1 connect_status: 1 dpms: 0
Sep 19 19:23:00.661949 cachyos-x8664 kernel: amdgpu 0000:c4:00.0: [drm:amdgpu_dm_atomic_commit_tail [amdgpu]] [HDCP_DM] connector->index: 1 connect_status: 1 dpms: 0
Sep 19 19:23:00.694929 cachyos-x8664 kernel: amdgpu 0000:c4:00.0: [drm:amdgpu_dm_atomic_commit_tail [amdgpu]] [HDCP_DM] connector->index: 1 connect_status: 1 dpms: 0
Sep 19 19:23:00.729064 cachyos-x8664 kernel: amdgpu 0000:c4:00.0: [drm:amdgpu_dm_atomic_commit_tail [amdgpu]] [HDCP_DM] connector->index: 1 connect_status: 1 dpms: 0
Sep 19 19:23:00.761943 cachyos-x8664 kernel: amdgpu 0000:c4:00.0: [drm:amdgpu_dm_atomic_commit_tail [amdgpu]] [HDCP_DM] connector->index: 1 connect_status: 1 dpms: 0
Sep 19 19:23:00.794959 cachyos-x8664 kernel: amdgpu 0000:c4:00.0: [drm:amdgpu_dm_atomic_commit_tail [amdgpu]] [HDCP_DM] connector->index: 1 connect_status: 1 dpms: 0
Sep 19 19:23:00.828927 cachyos-x8664 kernel: amdgpu 0000:c4:00.0: [drm:amdgpu_dm_atomic_commit_tail [amdgpu]] [HDCP_DM] connector->index: 1 connect_status: 1 dpms: 0
Sep 19 19:23:00.861958 cachyos-x8664 kernel: amdgpu 0000:c4:00.0: [drm:amdgpu_dm_atomic_commit_tail [amdgpu]] [HDCP_DM] connector->index: 1 connect_status: 1 dpms: 0
Sep 19 19:23:00.894969 cachyos-x8664 kernel: amdgpu 0000:c4:00.0: [drm:amdgpu_dm_atomic_commit_tail [amdgpu]] [HDCP_DM] connector->index: 1 connect_status: 1 dpms: 0
Sep 19 19:23:00.927792 cachyos-x8664 kernel: amdgpu 0000:c4:00.0: [drm:amdgpu_dm_atomic_commit_tail [amdgpu]] [HDCP_DM] connector->index: 1 connect_status: 1 dpms: 0
Sep 19 19:23:00.961912 cachyos-x8664 kernel: amdgpu 0000:c4:00.0: [drm:amdgpu_dm_atomic_commit_tail [amdgpu]] [HDCP_DM] connector->index: 1 connect_status: 1 dpms: 0
Sep 19 19:23:00.994945 cachyos-x8664 kernel: amdgpu 0000:c4:00.0: [drm:amdgpu_dm_atomic_commit_tail [amdgpu]] [HDCP_DM] connector->index: 1 connect_status: 1 dpms: 0
Sep 19 19:23:01.027953 cachyos-x8664 kernel: amdgpu 0000:c4:00.0: [drm:amdgpu_dm_atomic_commit_tail [amdgpu]] [HDCP_DM] connector->index: 1 connect_status: 1 dpms: 0
Sep 19 19:23:01.061945 cachyos-x8664 kernel: amdgpu 0000:c4:00.0: [drm:amdgpu_dm_atomic_commit_tail [amdgpu]] [HDCP_DM] connector->index: 1 connect_status: 1 dpms: 0
Sep 19 19:23:01.094873 cachyos-x8664 kernel: amdgpu 0000:c4:00.0: [drm:amdgpu_dm_atomic_commit_tail [amdgpu]] [HDCP_DM] connector->index: 1 connect_status: 1 dpms: 0
Sep 19 19:23:01.128867 cachyos-x8664 kernel: amdgpu 0000:c4:00.0: [drm:amdgpu_dm_atomic_commit_tail [amdgpu]] [HDCP_DM] connector->index: 1 connect_status: 1 dpms: 0
Sep 19 19:23:01.161892 cachyos-x8664 kernel: amdgpu 0000:c4:00.0: [drm:amdgpu_dm_atomic_commit_tail [amdgpu]] [HDCP_DM] connector->index: 1 connect_status: 1 dpms: 0
Sep 19 19:23:01.194968 cachyos-x8664 kernel: amdgpu 0000:c4:00.0: [drm:amdgpu_dm_atomic_commit_tail [amdgpu]] [HDCP_DM] connector->index: 1 connect_status: 1 dpms: 0
Sep 19 19:23:01.228069 cachyos-x8664 kernel: amdgpu 0000:c4:00.0: [drm:amdgpu_dm_atomic_commit_tail [amdgpu]] [HDCP_DM] connector->index: 1 connect_status: 1 dpms: 0
Sep 19 19:23:01.261917 cachyos-x8664 kernel: amdgpu 0000:c4:00.0: [drm:amdgpu_dm_atomic_commit_tail [amdgpu]] [HDCP_DM] connector->index: 1 connect_status: 1 dpms: 0
Sep 19 19:23:01.294964 cachyos-x8664 kernel: amdgpu 0000:c4:00.0: [drm:amdgpu_dm_atomic_commit_tail [amdgpu]] [HDCP_DM] connector->index: 1 connect_status: 1 dpms: 0
Sep 19 19:23:01.328960 cachyos-x8664 kernel: amdgpu 0000:c4:00.0: [drm:amdgpu_dm_atomic_commit_tail [amdgpu]] [HDCP_DM] connector->index: 1 connect_status: 1 dpms: 0
Sep 19 19:23:01.361874 cachyos-x8664 kernel: amdgpu 0000:c4:00.0: [drm:amdgpu_dm_atomic_commit_tail [amdgpu]] [HDCP_DM] connector->index: 1 connect_status: 1 dpms: 0
Sep 19 19:23:01.394788 cachyos-x8664 kernel: amdgpu 0000:c4:00.0: [drm:amdgpu_dm_atomic_commit_tail [amdgpu]] [HDCP_DM] connector->index: 1 connect_status: 1 dpms: 0
Sep 19 19:23:01.427914 cachyos-x8664 kernel: amdgpu 0000:c4:00.0: [drm:amdgpu_dm_atomic_commit_tail [amdgpu]] [HDCP_DM] connector->index: 1 connect_status: 1 dpms: 0
Sep 19 19:23:01.462223 cachyos-x8664 kernel: amdgpu 0000:c4:00.0: [drm:amdgpu_dm_atomic_commit_tail [amdgpu]] [HDCP_DM] connector->index: 1 connect_status: 1 dpms: 0
Sep 19 19:23:01.494809 cachyos-x8664 kernel: amdgpu 0000:c4:00.0: [drm:amdgpu_dm_atomic_commit_tail [amdgpu]] [HDCP_DM] connector->index: 1 connect_status: 1 dpms: 0
Sep 19 19:23:01.528970 cachyos-x8664 kernel: amdgpu 0000:c4:00.0: [drm:amdgpu_dm_atomic_commit_tail [amdgpu]] [HDCP_DM] connector->index: 1 connect_status: 1 dpms: 0
Sep 19 19:23:01.561910 cachyos-x8664 kernel: amdgpu 0000:c4:00.0: [drm:amdgpu_dm_atomic_commit_tail [amdgpu]] [HDCP_DM] connector->index: 1 connect_status: 1 dpms: 0
Sep 19 19:23:01.594795 cachyos-x8664 kernel: amdgpu 0000:c4:00.0: [drm:amdgpu_dm_atomic_commit_tail [amdgpu]] [HDCP_DM] connector->index: 1 connect_status: 1 dpms: 0
Sep 19 19:23:01.628764 cachyos-x8664 kernel: amdgpu 0000:c4:00.0: [drm:amdgpu_dm_atomic_commit_tail [amdgpu]] [HDCP_DM] connector->index: 1 connect_status: 1 dpms: 0
Sep 19 19:23:01.661942 cachyos-x8664 kernel: amdgpu 0000:c4:00.0: [drm:amdgpu_dm_atomic_commit_tail [amdgpu]] [HDCP_DM] connector->index: 1 connect_status: 1 dpms: 0
Sep 19 19:23:01.694946 cachyos-x8664 kernel: amdgpu 0000:c4:00.0: [drm:amdgpu_dm_atomic_commit_tail [amdgpu]] [HDCP_DM] connector->index: 1 connect_status: 1 dpms: 0
Sep 19 19:23:01.727956 cachyos-x8664 kernel: amdgpu 0000:c4:00.0: [drm:amdgpu_dm_atomic_commit_tail [amdgpu]] [HDCP_DM] connector->index: 1 connect_status: 1 dpms: 0
Sep 19 19:23:01.761928 cachyos-x8664 kernel: amdgpu 0000:c4:00.0: [drm:amdgpu_dm_atomic_commit_tail [amdgpu]] [HDCP_DM] connector->index: 1 connect_status: 1 dpms: 0
Sep 19 19:23:01.794816 cachyos-x8664 kernel: amdgpu 0000:c4:00.0: [drm:amdgpu_dm_atomic_commit_tail [amdgpu]] [HDCP_DM] connector->index: 1 connect_status: 1 dpms: 0
Sep 19 19:23:01.828824 cachyos-x8664 kernel: amdgpu 0000:c4:00.0: [drm:amdgpu_dm_atomic_commit_tail [amdgpu]] [HDCP_DM] connector->index: 1 connect_status: 1 dpms: 0
Sep 19 19:23:01.861825 cachyos-x8664 kernel: amdgpu 0000:c4:00.0: [drm:amdgpu_dm_atomic_commit_tail [amdgpu]] [HDCP_DM] connector->index: 1 connect_status: 1 dpms: 0
Sep 19 19:23:01.894886 cachyos-x8664 kernel: amdgpu 0000:c4:00.0: [drm:amdgpu_dm_atomic_commit_tail [amdgpu]] [HDCP_DM] connector->index: 1 connect_status: 1 dpms: 0
Sep 19 19:23:01.928972 cachyos-x8664 kernel: amdgpu 0000:c4:00.0: [drm:amdgpu_dm_atomic_commit_tail [amdgpu]] [HDCP_DM] connector->index: 1 connect_status: 1 dpms: 0
Sep 19 19:23:01.961892 cachyos-x8664 kernel: amdgpu 0000:c4:00.0: [drm:amdgpu_dm_atomic_commit_tail [amdgpu]] [HDCP_DM] connector->index: 1 connect_status: 1 dpms: 0
Sep 19 19:23:01.994938 cachyos-x8664 kernel: amdgpu 0000:c4:00.0: [drm:amdgpu_dm_atomic_commit_tail [amdgpu]] [HDCP_DM] connector->index: 1 connect_status: 1 dpms: 0
Sep 19 19:23:02.029063 cachyos-x8664 kernel: amdgpu 0000:c4:00.0: [drm:amdgpu_dm_atomic_commit_tail [amdgpu]] [HDCP_DM] connector->index: 1 connect_status: 1 dpms: 0
Sep 19 19:23:02.061918 cachyos-x8664 kernel: amdgpu 0000:c4:00.0: [drm:amdgpu_dm_atomic_commit_tail [amdgpu]] [HDCP_DM] connector->index: 1 connect_status: 1 dpms: 0
Sep 19 19:23:02.094956 cachyos-x8664 kernel: amdgpu 0000:c4:00.0: [drm:amdgpu_dm_atomic_commit_tail [amdgpu]] [HDCP_DM] connector->index: 1 connect_status: 1 dpms: 0
Sep 19 19:23:02.128844 cachyos-x8664 kernel: amdgpu 0000:c4:00.0: [drm:amdgpu_dm_atomic_commit_tail [amdgpu]] [HDCP_DM] connector->index: 1 connect_status: 1 dpms: 0
Sep 19 19:23:02.161370 cachyos-x8664 kernel: amdgpu 0000:c4:00.0: [drm:amdgpu_dm_atomic_commit_tail [amdgpu]] [HDCP_DM] connector->index: 1 connect_status: 1 dpms: 0
Sep 19 19:23:02.194760 cachyos-x8664 kernel: amdgpu 0000:c4:00.0: [drm:amdgpu_dm_atomic_commit_tail [amdgpu]] [HDCP_DM] connector->index: 1 connect_status: 1 dpms: 0
Sep 19 19:23:02.227747 cachyos-x8664 kernel: amdgpu 0000:c4:00.0: [drm:amdgpu_dm_atomic_commit_tail [amdgpu]] [HDCP_DM] connector->index: 1 connect_status: 1 dpms: 0
Sep 19 19:23:02.261872 cachyos-x8664 kernel: amdgpu 0000:c4:00.0: [drm:amdgpu_dm_atomic_commit_tail [amdgpu]] [HDCP_DM] connector->index: 1 connect_status: 1 dpms: 0
Sep 19 19:23:02.295017 cachyos-x8664 kernel: amdgpu 0000:c4:00.0: [drm:amdgpu_dm_atomic_commit_tail [amdgpu]] [HDCP_DM] connector->index: 1 connect_status: 1 dpms: 0
Sep 19 19:23:02.327827 cachyos-x8664 kernel: amdgpu 0000:c4:00.0: [drm:amdgpu_dm_atomic_commit_tail [amdgpu]] [HDCP_DM] connector->index: 1 connect_status: 1 dpms: 0
